Component: ARM Compiler 5.06 update 7 (build 960) Tool: armlink [4d3601]

==============================================================================

Section Cross References

    main.o(.text) refers to rtx_kernel.o(.text) for osKernelGetState
    main.o(.text) refers to stm32f4xx_hal_rcc.o(.text) for HAL_RCC_OscConfig
    main.o(.text) refers to stm32f4xx_hal.o(.text) for HAL_GetREVID
    main.o(.text) refers to system_stm32f4xx.o(.text) for SystemCoreClockUpdate
    main.o(.text) refers to rtx_thread.o(.text) for osThreadNew
    main.o(.text) refers to system_stm32f4xx.o(.data) for SystemCoreClock
    main.o(.text) refers to main.o(.data) for ticks
    main.o(.text) refers to http_server.o(.constdata) for app_main_attr
    main.o(.text) refers to http_server.o(.text) for app_main
    http_server.o(.text) refers to stm32f4xx_hal_adc.o(.text) for HAL_ADC_ConfigChannel
    http_server.o(.text) refers to rtc_1.o(.text) for RTC_ActualizarDesdeUnix
    http_server.o(.text) refers to memseta.o(.text) for __aeabi_memclr4
    http_server.o(.text) refers to stm32f4xx_hal_gpio.o(.text) for HAL_GPIO_Init
    http_server.o(.text) refers to rtx_delay.o(.text) for osDelay
    http_server.o(.text) refers to rtx_timer.o(.text) for osTimerStop
    http_server.o(.text) refers to stm32f4xx_it.o(.text) for ResetPulsosVerde
    http_server.o(.text) refers to strcpy.o(.text) for strcpy
    http_server.o(.text) refers to rtx_msgqueue.o(.text) for osMessageQueuePut
    http_server.o(.text) refers to net_addr.o(.text.netIP_aton) for netIP_aton
    http_server.o(.text) refers to net_sntp_client_core.o(.text.netSNTPc_GetTime) for netSNTPc_GetTime
    http_server.o(.text) refers to led_nucleo_f429zi.o(.text) for LED_Initialize
    http_server.o(.text) refers to lcd_1.o(.text) for Init_ThLCD
    http_server.o(.text) refers to adc.o(.text) for ADC1_pins_F429ZI_config
    http_server.o(.text) refers to net_sys.o(.text.netInitialize) for netInitialize
    http_server.o(.text) refers to rtx_thread.o(.text) for osThreadNew
    http_server.o(.text) refers to http_server.o(.bss) for hadc1
    http_server.o(.text) refers to http_server.o(.data) for iniciar_parpadeo_sntp
    http_server.o(.text) refers to rtc_1.o(.data) for alarma_activada
    http_server.o(.text) refers to lcd_1.o(.data) for mid_messageQueueLCD
    http_server.o(.constdata) refers to http_server.o(.bss) for app_main_stk
    http_server.o(.data) refers to http_server.o(.conststring) for .conststring
    http_server_cgi.o(.text) refers to _scanf_int.o(.text) for _scanf_int
    http_server_cgi.o(.text) refers to net_http_server.o(.text.netCGI_GetEnvVar) for netCGI_GetEnvVar
    http_server_cgi.o(.text) refers to net_addr.o(.text.netIP_aton) for netIP_aton
    http_server_cgi.o(.text) refers to net_sys.o(.text.netIF_SetOption) for netIF_SetOption
    http_server_cgi.o(.text) refers to led_nucleo_f429zi.o(.text) for LED_SetOut
    http_server_cgi.o(.text) refers to strcmp.o(.text) for strcmp
    http_server_cgi.o(.text) refers to strncmp.o(.text) for strncmp
    http_server_cgi.o(.text) refers to net_http_server.o(.text.netHTTPs_LoginActive) for netHTTPs_LoginActive
    http_server_cgi.o(.text) refers to strcpy.o(.text) for strcpy
    http_server_cgi.o(.text) refers to net_http_server.o(.text.netHTTPs_SetPassword) for netHTTPs_SetPassword
    http_server_cgi.o(.text) refers to atoi.o(.text) for atoi
    http_server_cgi.o(.text) refers to rtc_1.o(.text) for RTC_ConfigurarAlarma
    http_server_cgi.o(.text) refers to __0sscanf.o(.text) for __0sscanf
    http_server_cgi.o(.text) refers to memseta.o(.text) for __aeabi_memclr4
    http_server_cgi.o(.text) refers to strncpy.o(.text) for strncpy
    http_server_cgi.o(.text) refers to rtx_msgqueue.o(.text) for osMessageQueuePut
    http_server_cgi.o(.text) refers to net_sys.o(.text.netIF_GetOption) for netIF_GetOption
    http_server_cgi.o(.text) refers to net_addr.o(.text.netIP_ntoa) for netIP_ntoa
    http_server_cgi.o(.text) refers to printfa.o(i.__0sprintf) for __2sprintf
    http_server_cgi.o(.text) refers to http_server_cgi.o(.bss) for ip_addr
    http_server_cgi.o(.text) refers to http_server_cgi.o(.data) for P2
    http_server_cgi.o(.text) refers to http_server.o(.data) for LEDrun
    http_server_cgi.o(.text) refers to http_server.o(.bss) for lcd_text
    http_server_cgi.o(.text) refers to lcd_1.o(.data) for mid_messageQueueLCD
    http_server_cgi.o(.text) refers to net_tcp.o(.text.netTCP_GetState) for netTCP_GetState
    http_server_cgi.o(.text) refers to net_tcp.o(.text.netTCP_GetLocalPort) for netTCP_GetLocalPort
    http_server_cgi.o(.text) refers to net_tcp.o(.text.netTCP_GetPeer) for netTCP_GetPeer
    http_server_cgi.o(.text) refers to net_tcp.o(.text.netTCP_GetTimer) for netTCP_GetTimer
    http_server_cgi.o(.text) refers to net_http_server.o(.text.netHTTPs_GetPassword) for netHTTPs_GetPassword
    http_server_cgi.o(.text) refers to net_http_server.o(.text.netHTTPs_GetLanguage) for netHTTPs_GetLanguage
[...]
    net_strnstr                              0x0801b359   Thumb Code    82  net_common.o(.text.net_strnstr)
    net_strrchr                              0x0801b3ab   Thumb Code    26  net_common.o(.text.net_strrchr)
    net_sys_lock                             0x0801b3c5   Thumb Code     8  net_sys.o(.text.net_sys_lock)
    net_sys_resume                           0x0801b3d1   Thumb Code    20  net_sys.o(.text.net_sys_resume)
    net_sys_tick                             0x0801b3e5   Thumb Code    20  net_sys.o(.text.net_sys_tick)
    net_sys_unlock                           0x0801b3fd   Thumb Code     8  net_sys.o(.text.net_sys_unlock)
    net_sys_wakeup                           0x0801b409   Thumb Code    28  net_sys.o(.text.net_sys_wakeup)
    net_tcp_abort                            0x0801b429   Thumb Code   108  net_tcp.o(.text.net_tcp_abort)
    net_tcp_close                            0x0801b49d   Thumb Code   252  net_tcp.o(.text.net_tcp_close)
    net_tcp_get_buf                          0x0801b5a1   Thumb Code    52  net_tcp.o(.text.net_tcp_get_buf)
    net_tcp_get_local_port                   0x0801b5d5   Thumb Code    40  net_tcp.o(.text.net_tcp_get_local_port)
    net_tcp_get_mss                          0x0801b601   Thumb Code    28  net_tcp.o(.text.net_tcp_get_mss)
    net_tcp_get_peer                         0x0801b621   Thumb Code    64  net_tcp.o(.text.net_tcp_get_peer)
    net_tcp_get_socket                       0x0801b665   Thumb Code   108  net_tcp.o(.text.net_tcp_get_socket)
    net_tcp_get_state                        0x0801b6d9   Thumb Code    32  net_tcp.o(.text.net_tcp_get_state)
    net_tcp_get_timer                        0x0801b6fd   Thumb Code    40  net_tcp.o(.text.net_tcp_get_timer)
    net_tcp_listen                           0x0801b729   Thumb Code   164  net_tcp.o(.text.net_tcp_listen)
    net_tcp_process                          0x0801b7d5   Thumb Code  2872  net_tcp.o(.text.net_tcp_process)
    net_tcp_send                             0x0801c321   Thumb Code   360  net_tcp.o(.text.net_tcp_send)
    net_tcp_set_option                       0x0801c495   Thumb Code   312  net_tcp.o(.text.net_tcp_set_option)
    net_tcp_socket_init                      0x0801c5d9   Thumb Code    28  net_tcp.o(.text.net_tcp_socket_init)
    net_tcp_socket_run                       0x0801c5fd   Thumb Code  1080  net_tcp.o(.text.net_tcp_socket_run)
    net_tcp_socket_uninit                    0x0801ca49   Thumb Code    28  net_tcp.o(.text.net_tcp_socket_uninit)
    net_udp_close                            0x0801ca6d   Thumb Code    56  net_udp.o(.text.net_udp_close)
    net_udp_get_buf                          0x0801caad   Thumb Code    52  net_udp.o(.text.net_udp_get_buf)
    net_udp_get_socket                       0x0801cae1   Thumb Code    92  net_udp.o(.text.net_udp_get_socket)
    net_udp_open                             0x0801cb49   Thumb Code   180  net_udp.o(.text.net_udp_open)
    net_udp_process                          0x0801cc09   Thumb Code   360  net_udp.o(.text.net_udp_process)
    net_udp_send                             0x0801cd85   Thumb Code    20  net_udp.o(.text.net_udp_send)
    net_udp_send_if                          0x0801cd99   Thumb Code   544  net_udp.o(.text.net_udp_send_if)
    net_udp_socket_init                      0x0801cfc9   Thumb Code    28  net_udp.o(.text.net_udp_socket_init)
    net_udp_socket_uninit                    0x0801cfe9   Thumb Code    24  net_udp.o(.text.net_udp_socket_uninit)
    net_ultoa                                0x0801d009   Thumb Code     8  net_common.o(.text.net_ultoa)
    net_ultox                                0x0801d011   Thumb Code    60  net_common.o(.text.net_ultox)
    net_xtouc                                0x0801d051   Thumb Code    26  net_common.o(.text.net_xtouc)
    net_xtoul                                0x0801d06b   Thumb Code    90  net_common.o(.text.net_xtoul)
    __0sprintf                               0x0801d89d   Thumb Code    34  printfa.o(i.__0sprintf)
    __1sprintf                               0x0801d89d   Thumb Code     0  printfa.o(i.__0sprintf)
    __2sprintf                               0x0801d89d   Thumb Code     0  printfa.o(i.__0sprintf)
    __c89sprintf                             0x0801d89d   Thumb Code     0  printfa.o(i.__0sprintf)
    sprintf                                  0x0801d89d   Thumb Code     0  printfa.o(i.__0sprintf)
    __aeabi_errno_addr                       0x0801d8c5   Thumb Code     4  errno.o(i.__aeabi_errno_addr)
    __rt_errno_addr                          0x0801d8c5   Thumb Code     0  errno.o(i.__aeabi_errno_addr)
    __scatterload_copy                       0x0801d8cd   Thumb Code    14  handlers.o(i.__scatterload_copy)
    __scatterload_null                       0x0801d8db   Thumb Code     2  handlers.o(i.__scatterload_null)
    __scatterload_zeroinit                   0x0801d8dd   Thumb Code    14  handlers.o(i.__scatterload_zeroinit)
    app_main_attr                            0x0801e180   Data          36  http_server.o(.constdata)
    imageLastModified                        0x0801e1a4   Data           4  web.o(.constdata)
    Arial12x12                               0x080252e8   Data        2400  lcd_1.o(.constdata)
    irqRtxLib                                0x08025c90   Data           1  irq_armv7m.o(.constdata)
    irqRtxLibRef                             0x08025cf4   Data           4  rtx_lib.o(.constdata)
    osRtxUserSVC                             0x08025cf8   Data           4  rtx_lib.o(.constdata)
    Driver_ETH_PHY0                          0x08025d00   Data          32  phy_lan8742a.o(.constdata)
    Driver_ETH_MAC0                          0x08025d70   Data          68  emac_stm32f4xx.o(.constdata)
    Driver_SPI1                              0x08025e08   Data          44  spi_stm32f4xx.o(.constdata)
    EventRecorderInfo                        0x08025e34   Data          24  eventrecorder.o(.constdata)
    AHBPrescTable                            0x08025e54   Data          16  system_stm32f4xx.o(.constdata)
    APBPrescTable                            0x08025e64   Data           8  system_stm32f4xx.o(.constdata)
    net_sys_config                           0x08025ef4   Data          28  net_config.o(.constdata)
    net_eth0_if_config                       0x08025f68   Data          44  net_config.o(.constdata)
    net_eth_list                             0x08025fb4   Data           8  net_config.o(.constdata)
    net_if_list_lan                          0x08025fbc   Data           8  net_config.o(.constdata)
    net_if_list_all                          0x08025fc4   Data           8  net_config.o(.constdata)
    net_if_inet_def                          0x08025fcc   Data           8  net_config.o(.constdata)
    net_if_link_def                          0x08025fd4   Data           8  net_config.o(.constdata)
    net_arp_list                             0x08025fdc   Data           8  net_config.o(.constdata)
    net_icmp_list                            0x08025fe4   Data           8  net_config.o(.constdata)
    net_igmp_list                            0x08025fec   Data           8  net_config.o(.constdata)
    net_ndp_list                             0x08025ff4   Data           4  net_config.o(.constdata)
    net_icmp6_list                           0x08025ff8   Data           4  net_config.o(.constdata)
    net_ip4_frag_config                      0x08025ffc   Data           8  net_config.o(.constdata)
    net_nbns_config                          0x08026004   Data           8  net_config.o(.constdata)
    net_udp_config                           0x0802600c   Data          12  net_config.o(.constdata)
    net_tcp_config                           0x08026018   Data          24  net_config.o(.constdata)
    net_http_config                          0x08026030   Data          52  net_config.o(.constdata)
    net_dns_config                           0x08026064   Data           8  net_config.o(.constdata)
    net_sntp_config                          0x0802606c   Data           8  net_config.o(.constdata)
    net_sys_fn_uninit                        0x080260d8   Data          52  net_config.o(.constdata)
    netif_getopt_func                        0x0802610c   Data          16  net_config.o(.constdata)
    netif_setopt_func                        0x0802611c   Data          16  net_config.o(.constdata)
    __ctype_table                            0x0802612c   Data         129  ctype_o.o(.constdata)
    osRtxConfig                              0x080263ec   Data         112  rtx_lib.o(.rodata)
    os_cb_sections                           0x0802645c   Data          56  rtx_lib.o(.rodata)
    net_addr4_loopback                       0x080265dc   Data           4  net_ip4.o(.rodata.net_addr4_loopback)
    net_addr6_all_nodes                      0x080265e0   Data          16  net_ip6.o(.rodata.net_addr6_all_nodes)
    net_addr6_loopback                       0x080265f0   Data          16  net_ip6.o(.rodata.net_addr6_loopback)
    net_addr_bcast                           0x08026600   Data           6  net_addr.o(.rodata.net_addr_bcast)
    net_addr_unspec                          0x08026606   Data          16  net_addr.o(.rodata.net_addr_unspec)
    net_http_auth_basic_func                 0x08026668   Data          24  net_http_server_auth.o(.rodata.net_http_auth_basic_func)
    net_http_error                           0x08026680   Data          24  net_http_server_err.o(.rodata.net_http_error)
    net_lib_version                          0x08026698   Data           4  net_version.o(.rodata.net_lib_version)
    network_ip4ip6_debug_v7.18.0             0x08026698   Data           4  net_version.o(.rodata.net_lib_version)
    net_loop_if_config                       0x0802669c   Data          44  net_loopback.o(.rodata.net_loop_if_config)
    net_ping_payload                         0x080266c8   Data          18  net_ping_core.o(.rodata.net_ping_payload)
    Region$$Table$$Base                      0x08026a80   Number         0  anon$$obj.o(Region$$Table)
    Region$$Table$$Limit                     0x08026ab0   Number         0  anon$$obj.o(Region$$Table)
    .bss.os.msgqueue.cb$$Base                0x20008044   Number         0  rtx_lib.o(.bss.os.msgqueue.cb)
    .bss.os.msgqueue.cb$$Limit               0x20008078   Number         0  rtx_lib.o(.bss.os.msgqueue.cb)
    .bss.os.mutex.cb$$Base                   0x200080c8   Number         0  net_config.o(.bss.os.mutex.cb)
    .bss.os.mutex.cb$$Limit                  0x20008100   Number         0  net_config.o(.bss.os.mutex.cb)
    .bss.os.semaphore.cb$$Base               0x20008100   Number         0  net_config.o(.bss.os.semaphore.cb)
    .bss.os.semaphore.cb$$Limit              0x20008110   Number         0  net_config.o(.bss.os.semaphore.cb)
    .bss.os.thread.cb$$Base                  0x20008110   Number         0  rtx_lib.o(.bss.os.thread.cb)
    .bss.os.thread.cb$$Limit                 0x20008220   Number         0  net_config.o(.bss.os.thread.cb)
    .bss.os.timer.cb$$Base                   0x20008620   Number         0  net_config.o(.bss.os.timer.cb)
    .bss.os.timer.cb$$Limit                  0x20008640   Number         0  net_config.o(.bss.os.timer.cb)
    LEDrun                                   0x20008644   Data           1  http_server.o(.data)
    iniciar_parpadeo_sntp                    0x20008645   Data           1  http_server.o(.data)
    sntp_server_index                        0x20008646   Data           1  http_server.o(.data)
    sntp_servers                             0x20008648   Data           8  http_server.o(.data)
    sntp_ips                                 0x20008650   Data           8  http_server.o(.data)
    periodo_seleccionado                     0x20008658   Data           1  http_server.o(.data)
    alarma_habilitada_web                    0x20008659   Data           1  http_server.o(.data)
    timer_led_rojo                           0x2000865c   Data           4  http_server.o(.data)
    timer_led_verde                          0x20008660   Data           4  http_server.o(.data)
    pulsos_rojo                              0x2000866c   Data           4  stm32f4xx_it.o(.data)
    pulsos_verde                             0x20008670   Data           4  stm32f4xx_it.o(.data)
    SPIdrv                                   0x20008674   Data           4  lcd_1.o(.data)
    positionL1                               0x20008678   Data           2  lcd_1.o(.data)
    positionL2                               0x2000867a   Data           2  lcd_1.o(.data)
    tid_ThLCD                                0x2000867c   Data           4  lcd_1.o(.data)
    mid_messageQueueLCD                      0x20008680   Data           4  lcd_1.o(.data)
    alarma_activada                          0x20008684   Data           1  rtc_1.o(.data)
    periodo_actual                           0x20008685   Data           1  rtc_1.o(.data)
    uwTick                                   0x20008688   Data           4  stm32f4xx_hal.o(.data)
    uwTickPrio                               0x2000868c   Data           4  stm32f4xx_hal.o(.data)
    uwTickFreq                               0x20008690   Data           1  stm32f4xx_hal.o(.data)
    SystemCoreClock                          0x20008694   Data           4  system_stm32f4xx.o(.data)
    osRtxInfo                                0x200086ac   Data         164  rtx_kernel.o(.data.os)
    app_main_stk                             0x20008750   Data        2048  http_server.o(.bss)
    lcd_text                                 0x20008f50   Data          42  http_server.o(.bss)
    hadc1                                    0x20008f7c   Data          72  http_server.o(.bss)
    GPIO_InitStruct_LCD                      0x20009010   Data          20  lcd_1.o(.bss)
    htim7                                    0x20009024   Data          64  lcd_1.o(.bss)
    buffer                                   0x20009064   Data         512  lcd_1.o(.bss)
    LCD_mensaje                              0x20009264   Data         102  lcd_1.o(.bss)
    hrtc                                     0x200092cc   Data          32  rtc_1.o(.bss)
    net_http_control                         0x2000f52c   Data          20  net_http_server.o(.bss..L_MergedGlobals)
    net_sys_control                          0x2000f580   Data          28  net_sys.o(.bss..L_MergedGlobals)
    net_dbg_buf                              0x2000f628   Data          36  net_sys.o(.bss.net_dbg_buf)
    net_eth0_arp_control                     0x2000f64c   Data          24  net_arp.o(.bss.net_eth0_arp_control)
    net_eth0_icmp_control                    0x2000f664   Data           1  net_icmp.o(.bss.net_eth0_icmp_control)
    net_eth0_if_control                      0x2000f668   Data         160  net_eth.o(.bss.net_eth0_if_control)
    net_eth0_igmp_control                    0x2000f708   Data           4  net_igmp.o(.bss.net_eth0_igmp_control)
    net_ping_control                         0x2000f710   Data          44  net_ping_core.o(.bss.net_ping_control)
    net_sntp_control                         0x2000f73c   Data          44  net_sntp_client_core.o(.bss.net_sntp_control)
    __initial_sp                             0x2000fb90   Data           0  startup_stm32f429xx.o(STACK)



==============================================================================

Memory Map of the image

  Image Entry point : 0x080001ad

  Load Region LR_IROM1 (Base: 0x08000000, Size: 0x0002f200, Max: 0x00200000, ABSOLUTE, COMPRESSED[0x00026bec])

    Execution Region ER_IROM1 (Exec base: 0x08000000, Load base: 0x08000000, Size: 0x00026ab0, Max: 0x00200000, ABSOLUTE)

    Exec Addr    Load Addr    Size         Type   Attr      Idx    E Section Name        Object

    0x08000000   0x08000000   0x000001ac   Data   RO         1610    RESET               startup_stm32f429xx.o
    0x080001ac   0x080001ac   0x00000000   Code   RO         2998  * .ARM.Collect$$$$00000000  mc_w.l(entry.o)
    0x080001ac   0x080001ac   0x00000004   Code   RO         3298    .ARM.Collect$$$$00000001  mc_w.l(entry2.o)
    0x080001b0   0x080001b0   0x00000004   Code   RO         3301    .ARM.Collect$$$$00000004  mc_w.l(entry5.o)
    0x080001b4   0x080001b4   0x00000000   Code   RO         3303    .ARM.Collect$$$$00000008  mc_w.l(entry7b.o)
    0x080001b4   0x080001b4   0x00000000   Code   RO         3305    .ARM.Collect$$$$0000000A  mc_w.l(entry8b.o)
    0x080001b4   0x080001b4   0x00000008   Code   RO         3306    .ARM.Collect$$$$0000000B  mc_w.l(entry9a.o)
    0x080001bc   0x080001bc   0x00000004   Code   RO         3313    .ARM.Collect$$$$0000000E  mc_w.l(entry12b.o)
    0x080001c0   0x080001c0   0x00000000   Code   RO         3308    .ARM.Collect$$$$0000000F  mc_w.l(entry10a.o)
    0x080001c0   0x080001c0   0x00000000   Code   RO         3310    .ARM.Collect$$$$00000011  mc_w.l(entry11a.o)
    0x080001c0   0x080001c0   0x00000004   Code   RO         3299    .ARM.Collect$$$$00002712  mc_w.l(entry2.o)
    0x080001c4   0x080001c4   0x00000148   Code   RO          732    .emb_text           rtx_mempool.o
    0x0800030c   0x0800030c   0x00000148   Code   RO          763    .emb_text           rtx_msgqueue.o
    0x08000454   0x08000454   0x00000148   Code   RO          828    .emb_text           rtx_semaphore.o
    0x0800059c   0x0800059c   0x00000148   Code   RO          859    .emb_text           rtx_system.o
    0x080006e4   0x080006e4   0x00000148   Code   RO          893    .emb_text           rtx_thread.o
    0x0800082c   0x0800082c   0x00000084   Code   RO         1108    .emb_text           eventrecorder.o
    0x080008b0   0x080008b0   0x00000138   Code   RO            4    .text               main.o
    0x080009e8   0x080009e8   0x00000254   Code   RO          153    .text               http_server.o
    0x08000c3c   0x08000c3c   0x000009dc   Code   RO          229    .text               http_server_cgi.o
    0x08001618   0x08001618   0x00000088   Code   RO          269    .text               web.o
    0x080016a0   0x080016a0   0x00000120   Code   RO          287    .text               stm32f4xx_it.o
    0x080017c0   0x080017c0   0x0000058c   Code   RO          318    .text               lcd_1.o
    0x08001d4c   0x08001d4c   0x0000015c   Code   RO          364    .text               adc.o
    0x08001ea8   0x08001ea8   0x00000430   Code   RO          388    .text               rtc_1.o
    0x080022d8   0x080022d8   0x00000124   Code   RO          456    .text               led_nucleo_f429zi.o
    0x080023fc   0x080023fc   0x00000094   Code   RO          480    .text               irq_armv7m.o
    0x08002490   0x08002490   0x0000011c   Code   RO          488    .text               rtx_delay.o
    0x080025ac   0x080025ac   0x00000dd8   Code   RO          586    .text               rtx_evr.o
    0x08003384   0x08003384   0x000008b0   Code   RO          611    .text               rtx_kernel.o
    0x08003c34   0x08003c34   0x00000018   Code   RO          659    .text               rtx_lib.o
    0x08003c4c   0x08003c4c   0x000001de   Code   RO          702    .text               rtx_memory.o
    0x08003e2a   0x08003e2a   0x00000002   PAD
    0x08003e2c   0x08003e2c   0x000007a4   Code   RO          733    .text               rtx_mempool.o
    0x080045d0   0x080045d0   0x00000b88   Code   RO          764    .text               rtx_msgqueue.o
    0x08005158   0x08005158   0x00000644   Code   RO          798    .text               rtx_mutex.o
    0x0800579c   0x0800579c   0x00000532   Code   RO          829    .text               rtx_semaphore.o
    0x08005cce   0x08005cce   0x00000002   PAD
    0x08005cd0   0x08005cd0   0x000001bc   Code   RO          860    .text               rtx_system.o
    0x08005e8c   0x08005e8c   0x0000156c   Code   RO          894    .text               rtx_thread.o
    0x080073f8   0x080073f8   0x00000538   Code   RO          928    .text               rtx_timer.o
    0x08007930   0x08007930   0x000000dc   Code   RO          958    .text               os_systick.o
    0x08007a0c   0x08007a0c   0x00000024   Code   RO          984    .text               rtx_config.o
    0x08007a30   0x08007a30   0x00000224   Code   RO         1005    .text               phy_lan8742a.o
    0x08007c54   0x08007c54   0x00000d0c   Code   RO         1032    .text               emac_stm32f4xx.o
    0x08008960   0x08008960   0x00001014   Code   RO         1073    .text               spi_stm32f4xx.o
    0x08009974   0x08009974   0x00000618   Code   RO         1109    .text               eventrecorder.o
    0x08009f8c   0x08009f8c   0x00000210   Code   RO         1144    .text               stm32f4xx_hal.o
    0x0800a19c   0x0800a19c   0x00000ca8   Code   RO         1174    .text               stm32f4xx_hal_adc.o
    0x0800ae44   0x0800ae44   0x00000894   Code   RO         1198    .text               stm32f4xx_hal_adc_ex.o
    0x0800b6d8   0x0800b6d8   0x00000384   Code   RO         1222    .text               stm32f4xx_hal_cortex.o
    0x0800ba5c   0x0800ba5c   0x000008b0   Code   RO         1250    .text               stm32f4xx_hal_dma.o
    0x0800c30c   0x0800c30c   0x000003e4   Code   RO         1323    .text               stm32f4xx_hal_gpio.o
    0x0800c6f0   0x0800c6f0   0x000001dc   Code   RO         1347    .text               stm32f4xx_hal_pwr.o
    0x0800c8cc   0x0800c8cc   0x00000934   Code   RO         1395    .text               stm32f4xx_hal_rcc.o
    0x0800d200   0x0800d200   0x00000734   Code   RO         1419    .text               stm32f4xx_hal_rcc_ex.o
    0x0800d934   0x0800d934   0x00000b78   Code   RO         1443    .text               stm32f4xx_hal_rtc.o
    0x0800e4ac   0x0800e4ac   0x00000de6   Code   RO         1467    .text               stm32f4xx_hal_rtc_ex.o
    0x0800f292   0x0800f292   0x00000002   PAD
    0x0800f294   0x0800f294   0x00002b72   Code   RO         1539    .text               stm32f4xx_hal_tim.o
    0x08011e06   0x08011e06   0x00000002   PAD
    0x08011e08   0x08011e08   0x00000e84   Code   RO         1563    .text               stm32f4xx_hal_tim_ex.o
    0x08012c8c   0x08012c8c   0x00000024   Code   RO         1611    .text               startup_stm32f429xx.o
    0x08012cb0   0x08012cb0   0x000000cc   Code   RO         1618    .text               system_stm32f4xx.o
    0x08012d7c   0x08012d7c   0x00000168   Code   RO         1646    .text               net_config.o
    0x08012ee4   0x08012ee4   0x00000128   Code   RO         1704    .text               net_debug.o
    0x0801300c   0x0801300c   0x00000062   Code   RO         3001    .text               mc_w.l(uldiv.o)
    0x0801306e   0x0801306e   0x00000024   Code   RO         3003    .text               mc_w.l(memcpya.o)
    0x08013092   0x08013092   0x00000024   Code   RO         3005    .text               mc_w.l(memseta.o)
    0x080130b6   0x080130b6   0x00000018   Code   RO         3007    .text               mc_w.l(strncpy.o)
    0x080130ce   0x080130ce   0x0000000e   Code   RO         3009    .text               mc_w.l(strlen.o)
    0x080130dc   0x080130dc   0x0000001c   Code   RO         3011    .text               mc_w.l(strcmp.o)
    0x080130f8   0x080130f8   0x0000001a   Code   RO         3013    .text               mc_w.l(memcmp.o)
    0x08013112   0x08013112   0x00000012   Code   RO         3015    .text               mc_w.l(strcpy.o)
    0x08013124   0x08013124   0x0000001e   Code   RO         3017    .text               mc_w.l(strncmp.o)
    0x08013142   0x08013142   0x00000002   PAD
    0x08013144   0x08013144   0x00000038   Code   RO         3282    .text               mc_w.l(__0sscanf.o)
    0x0801317c   0x0801317c   0x0000014c   Code   RO         3284    .text               mc_w.l(_scanf_int.o)
    0x080132c8   0x080132c8   0x0000001a   Code   RO         3286    .text               mc_w.l(atoi.o)
    0x080132e2   0x080132e2   0x00000064   Code   RO         3288    .text               mf_w.l(fmul.o)
    0x08013346   0x08013346   0x0000007c   Code   RO         3290    .text               mf_w.l(fdiv.o)
    0x080133c2   0x080133c2   0x000000de   Code   RO         3292    .text               mf_w.l(ddiv.o)
    0x080134a0   0x080134a0   0x0000000a   Code   RO         3294    .text               mf_w.l(ffltui.o)
    0x080134aa   0x080134aa   0x00000026   Code   RO         3296    .text               mf_w.l(f2d.o)
    0x080134d0   0x080134d0   0x0000002c   Code   RO         3317    .text               mc_w.l(uidiv.o)
    0x080134fc   0x080134fc   0x0000001e   Code   RO         3319    .text               mc_w.l(llshl.o)
    0x0801351a   0x0801351a   0x00000020   Code   RO         3321    .text               mc_w.l(llushr.o)
    0x0801353a   0x0801353a   0x0000001c   Code   RO         3330    .text               mc_w.l(_chval.o)
    0x08013556   0x08013556   0x00000002   PAD
    0x08013558   0x08013558   0x00000028   Code   RO         3332    .text               mc_w.l(scanf_char.o)
    0x08013580   0x08013580   0x00000040   Code   RO         3334    .text               mc_w.l(_sgetc.o)
    0x080135c0   0x080135c0   0x00000070   Code   RO         3336    .text               mc_w.l(strtol.o)
    0x08013630   0x08013630   0x00000000   Code   RO         3338    .text               mc_w.l(iusefp.o)
    0x08013630   0x08013630   0x0000006e   Code   RO         3339    .text               mf_w.l(fepilogue.o)
    0x0801369e   0x0801369e   0x000000ba   Code   RO         3341    .text               mf_w.l(depilogue.o)
    0x08013758   0x08013758   0x0000014e   Code   RO         3343    .text               mf_w.l(dadd.o)
    0x080138a6   0x080138a6   0x000000e4   Code   RO         3345    .text               mf_w.l(dmul.o)
    0x0801398a   0x0801398a   0x00000030   Code   RO         3347    .text               mf_w.l(dfixul.o)
    0x080139ba   0x080139ba   0x00000002   PAD
    0x080139bc   0x080139bc   0x00000030   Code   RO         3349    .text               mf_w.l(cdrcmple.o)
    0x080139ec   0x080139ec   0x00000024   Code   RO         3351    .text               mc_w.l(init.o)
    0x08013a10   0x08013a10   0x00000024   Code   RO         3354    .text               mc_w.l(llsshr.o)
    0x08013a34   0x08013a34   0x00000008   Code   RO         3358    .text               mc_w.l(ctype_o.o)
    0x08013a3c   0x08013a3c   0x00000012   Code   RO         3380    .text               mc_w.l(isspace_o.o)
    0x08013a4e   0x08013a4e   0x00000002   PAD
    0x08013a50   0x08013a50   0x00000330   Code   RO         3386    .text               mc_w.l(_scanf.o)
    0x08013d80   0x08013d80   0x0000009e   Code   RO         3388    .text               mc_w.l(_strtoul.o)
    0x08013e1e   0x08013e1e   0x00000056   Code   RO         3401    .text               mc_w.l(__dczerorl2.o)
    0x08013e74   0x08013e74   0x0000000e   Code   RO         1776    .text.OUTLINED_FUNCTION_0  Net_Dbg_CM3_L.lib(net_eth.o)
    0x08013e82   0x08013e82   0x00000008   Code   RO         1903    .text.OUTLINED_FUNCTION_0  Net_Dbg_CM3_L.lib(net_igmp.o)
    0x08013e8a   0x08013e8a   0x0000000a   Code   RO         1927    .text.OUTLINED_FUNCTION_0  Net_Dbg_CM3_L.lib(net_loopback.o)
    0x08013e94   0x08013e94   0x00000006   Code   RO         1951    .text.OUTLINED_FUNCTION_0  Net_Dbg_CM3_L.lib(net_ip4_frag.o)
    0x08013e9a   0x08013e9a   0x00000006   Code   RO         2036    .text.OUTLINED_FUNCTION_0  Net_Dbg_CM3_L.lib(net_udp.o)
    0x08013ea0   0x08013ea0   0x00000006   Code   RO         2162    .text.OUTLINED_FUNCTION_0  Net_Dbg_CM3_L.lib(net_tcp.o)
    0x08013ea6   0x08013ea6   0x00000006   Code   RO         2241    .text.OUTLINED_FUNCTION_0  Net_Dbg_CM3_L.lib(net_nbns_client.o)
    0x08013eac   0x08013eac   0x00000008   Code   RO         2280    .text.OUTLINED_FUNCTION_0  Net_Dbg_CM3_L.lib(net_dns_client.o)
    0x08013eb4   0x08013eb4   0x00000008   Code   RO         2399    .text.OUTLINED_FUNCTION_0  Net_Dbg_CM3_L.lib(net_http_server.o)
    0x08013ebc   0x08013ebc   0x00000006   Code   RO         2497    .text.OUTLINED_FUNCTION_0  Net_Dbg_CM3_L.lib(net_sntp_client_core.o)
    0x08013ec2   0x08013ec2   0x00000008   Code   RO         2526    .text.OUTLINED_FUNCTION_0  Net_Dbg_CM3_L.lib(net_ping_core.o)
    0x08013eca   0x08013eca   0x00000008   Code   RO         2578    .text.OUTLINED_FUNCTION_0  Net_Dbg_CM3_L.lib(net_sys.o)
    0x08013ed2   0x08013ed2   0x0000000c   Code   RO         2656    .text.OUTLINED_FUNCTION_0  Net_Dbg_CM3_L.lib(net_addr.o)
    0x08013ede   0x08013ede   0x00000006   Code   RO         2721    .text.OUTLINED_FUNCTION_0  Net_Dbg_CM3_L.lib(net_ndp.o)
    0x08013ee4   0x08013ee4   0x00000006   Code   RO         2825    .text.OUTLINED_FUNCTION_0  Net_Dbg_CM3_L.lib(net_ip6.o)
    0x08013eea   0x08013eea   0x00000006   Code   RO         1778    .text.OUTLINED_FUNCTION_1  Net_Dbg_CM3_L.lib(net_eth.o)
    0x08013ef0   0x08013ef0   0x0000000a   Code   RO         1953    .text.OUTLINED_FUNCTION_1  Net_Dbg_CM3_L.lib(net_ip4_frag.o)
    0x08013efa   0x08013efa   0x00000006   Code   RO         2038    .text.OUTLINED_FUNCTION_1  Net_Dbg_CM3_L.lib(net_udp.o)
    0x08013f00   0x08013f00   0x0000000a   Code   RO         2164    .text.OUTLINED_FUNCTION_1  Net_Dbg_CM3_L.lib(net_tcp.o)
    0x08013f0a   0x08013f0a   0x0000000e   Code   RO         2243    .text.OUTLINED_FUNCTION_1  Net_Dbg_CM3_L.lib(net_nbns_client.o)
    0x08013f18   0x08013f18   0x00000008   Code   RO         2401    .text.OUTLINED_FUNCTION_1  Net_Dbg_CM3_L.lib(net_http_server.o)
    0x08013f20   0x08013f20   0x0000000a   Code   RO         2499    .text.OUTLINED_FUNCTION_1  Net_Dbg_CM3_L.lib(net_sntp_client_core.o)
    0x08013f2a   0x08013f2a   0x0000000e   Code   RO         2658    .text.OUTLINED_FUNCTION_1  Net_Dbg_CM3_L.lib(net_addr.o)
    0x08013f38   0x08013f38   0x00000006   Code   RO         2723    .text.OUTLINED_FUNCTION_1  Net_Dbg_CM3_L.lib(net_ndp.o)
    0x08013f3e   0x08013f3e   0x0000000a   Code   RO         1796    .text.OUTLINED_FUNCTION_10  Net_Dbg_CM3_L.lib(net_eth.o)
    0x08013f48   0x08013f48   0x0000000c   Code   RO         2182    .text.OUTLINED_FUNCTION_10  Net_Dbg_CM3_L.lib(net_tcp.o)
    0x08013f54   0x08013f54   0x00000006   Code   RO         2419    .text.OUTLINED_FUNCTION_10  Net_Dbg_CM3_L.lib(net_http_server.o)
    0x08013f5a   0x08013f5a   0x0000000a   Code   RO         2741    .text.OUTLINED_FUNCTION_10  Net_Dbg_CM3_L.lib(net_ndp.o)
    0x08013f64   0x08013f64   0x00000006   Code   RO         2184    .text.OUTLINED_FUNCTION_11  Net_Dbg_CM3_L.lib(net_tcp.o)
    0x08013f6a   0x08013f6a   0x00000006   Code   RO         2743    .text.OUTLINED_FUNCTION_11  Net_Dbg_CM3_L.lib(net_ndp.o)
    0x08013f70   0x08013f70   0x00000012   Code   RO         2186    .text.OUTLINED_FUNCTION_12  Net_Dbg_CM3_L.lib(net_tcp.o)
    0x08013f82   0x08013f82   0x0000000c   Code   RO         2188    .text.OUTLINED_FUNCTION_13  Net_Dbg_CM3_L.lib(net_tcp.o)
    0x08013f8e   0x08013f8e   0x0000000e   Code   RO         2190    .text.OUTLINED_FUNCTION_14  Net_Dbg_CM3_L.lib(net_tcp.o)
    0x08013f9c   0x08013f9c   0x0000000c   Code   RO         2192    .text.OUTLINED_FUNCTION_15  Net_Dbg_CM3_L.lib(net_tcp.o)
    0x08013fa8   0x08013fa8   0x0000000a   Code   RO         2196    .text.OUTLINED_FUNCTION_17  Net_Dbg_CM3_L.lib(net_tcp.o)
    0x08013fb2   0x08013fb2   0x00000008   Code   RO         2198    .text.OUTLINED_FUNCTION_18  Net_Dbg_CM3_L.lib(net_tcp.o)
    0x08013fba   0x08013fba   0x0000000e   Code   RO         2200    .text.OUTLINED_FUNCTION_19  Net_Dbg_CM3_L.lib(net_tcp.o)
    0x08013fc8   0x08013fc8   0x00000006   Code   RO         1780    .text.OUTLINED_FUNCTION_2  Net_Dbg_CM3_L.lib(net_eth.o)
    0x08013fce   0x08013fce   0x00000012   Code   RO         2040    .text.OUTLINED_FUNCTION_2  Net_Dbg_CM3_L.lib(net_udp.o)
    0x08013fe0   0x08013fe0   0x00000006   Code   RO         2166    .text.OUTLINED_FUNCTION_2  Net_Dbg_CM3_L.lib(net_tcp.o)
    0x08013fe6   0x08013fe6   0x0000000a   Code   RO         2403    .text.OUTLINED_FUNCTION_2  Net_Dbg_CM3_L.lib(net_http_server.o)
    0x08013ff0   0x08013ff0   0x00000006   Code   RO         2501    .text.OUTLINED_FUNCTION_2  Net_Dbg_CM3_L.lib(net_sntp_client_core.o)
    0x08013ff6   0x08013ff6   0x00000008   Code   RO         2725    .text.OUTLINED_FUNCTION_2  Net_Dbg_CM3_L.lib(net_ndp.o)
    0x08013ffe   0x08013ffe   0x0000000e   Code   RO         2202    .text.OUTLINED_FUNCTION_20  Net_Dbg_CM3_L.lib(net_tcp.o)
    0x0801400c   0x0801400c   0x0000000a   Code   RO         2204    .text.OUTLINED_FUNCTION_21  Net_Dbg_CM3_L.lib(net_tcp.o)
    0x08014016   0x08014016   0x0000000a   Code   RO         2206    .text.OUTLINED_FUNCTION_22  Net_Dbg_CM3_L.lib(net_tcp.o)
    0x08014020   0x08014020   0x00000006   Code   RO         1782    .text.OUTLINED_FUNCTION_3  Net_Dbg_CM3_L.lib(net_eth.o)
    0x08014026   0x08014026   0x00000008   Code   RO         1866    .text.OUTLINED_FUNCTION_3  Net_Dbg_CM3_L.lib(net_arp.o)
    0x0801402e   0x0801402e   0x0000000c   Code   RO         2168    .text.OUTLINED_FUNCTION_3  Net_Dbg_CM3_L.lib(net_tcp.o)
    0x0801403a   0x0801403a   0x00000006   Code   RO         2405    .text.OUTLINED_FUNCTION_3  Net_Dbg_CM3_L.lib(net_http_server.o)
    0x08014040   0x08014040   0x0000000a   Code   RO         2503    .text.OUTLINED_FUNCTION_3  Net_Dbg_CM3_L.lib(net_sntp_client_core.o)
    0x0801404a   0x0801404a   0x00000008   Code   RO         2727    .text.OUTLINED_FUNCTION_3  Net_Dbg_CM3_L.lib(net_ndp.o)
    0x08014052   0x08014052   0x0000000e   Code   RO         1784    .text.OUTLINED_FUNCTION_4  Net_Dbg_CM3_L.lib(net_eth.o)
    0x08014060   0x08014060   0x0000000e   Code   RO         1868    .text.OUTLINED_FUNCTION_4  Net_Dbg_CM3_L.lib(net_arp.o)
    0x0801406e   0x0801406e   0x00000006   Code   RO         2170    .text.OUTLINED_FUNCTION_4  Net_Dbg_CM3_L.lib(net_tcp.o)
    0x08014074   0x08014074   0x00000006   Code   RO         2407    .text.OUTLINED_FUNCTION_4  Net_Dbg_CM3_L.lib(net_http_server.o)
    0x0801407a   0x0801407a   0x0000000a   Code   RO         1786    .text.OUTLINED_FUNCTION_5  Net_Dbg_CM3_L.lib(net_eth.o)
    0x08014084   0x08014084   0x0000000e   Code   RO         2172    .text.OUTLINED_FUNCTION_5  Net_Dbg_CM3_L.lib(net_tcp.o)
    0x08014092   0x08014092   0x00000008   Code   RO         2409    .text.OUTLINED_FUNCTION_5  Net_Dbg_CM3_L.lib(net_http_server.o)
    0x0801409a   0x0801409a   0x0000000e   Code   RO         2731    .text.OUTLINED_FUNCTION_5  Net_Dbg_CM3_L.lib(net_ndp.o)
    0x080140a8   0x080140a8   0x00000006   Code   RO         1788    .text.OUTLINED_FUNCTION_6  Net_Dbg_CM3_L.lib(net_eth.o)
    0x080140ae   0x080140ae   0x0000000a   Code   RO         2174    .text.OUTLINED_FUNCTION_6  Net_Dbg_CM3_L.lib(net_tcp.o)
    0x080140b8   0x080140b8   0x00000008   Code   RO         2411    .text.OUTLINED_FUNCTION_6  Net_Dbg_CM3_L.lib(net_http_server.o)
    0x080140c0   0x080140c0   0x00000006   Code   RO         2733    .text.OUTLINED_FUNCTION_6  Net_Dbg_CM3_L.lib(net_ndp.o)
    0x080140c6   0x080140c6   0x00000008   Code   RO         1790    .text.OUTLINED_FUNCTION_7  Net_Dbg_CM3_L.lib(net_eth.o)
    0x080140ce   0x080140ce   0x00000014   Code   RO         2176    .text.OUTLINED_FUNCTION_7  Net_Dbg_CM3_L.lib(net_tcp.o)
    0x080140e2   0x080140e2   0x0000000c   Code   RO         2413    .text.OUTLINED_FUNCTION_7  Net_Dbg_CM3_L.lib(net_http_server.o)
    0x080140ee   0x080140ee   0x0000000e   Code   RO         2735    .text.OUTLINED_FUNCTION_7  Net_Dbg_CM3_L.lib(net_ndp.o)
    0x080140fc   0x080140fc   0x00000008   Code   RO         1792    .text.OUTLINED_FUNCTION_8  Net_Dbg_CM3_L.lib(net_eth.o)
    0x08014104   0x08014104   0x00000010   Code   RO         2178    .text.OUTLINED_FUNCTION_8  Net_Dbg_CM3_L.lib(net_tcp.o)
    0x08014114   0x08014114   0x00000006   Code   RO         2415    .text.OUTLINED_FUNCTION_8  Net_Dbg_CM3_L.lib(net_http_server.o)
    0x0801411a   0x0801411a   0x0000000a   Code   RO         2737    .text.OUTLINED_FUNCTION_8  Net_Dbg_CM3_L.lib(net_ndp.o)
    0x08014124   0x08014124   0x0000000a   Code   RO         1794    .text.OUTLINED_FUNCTION_9  Net_Dbg_CM3_L.lib(net_eth.o)
    0x0801412e   0x0801412e   0x0000000a   Code   RO         2180    .text.OUTLINED_FUNCTION_9  Net_Dbg_CM3_L.lib(net_tcp.o)
    0x08014138   0x08014138   0x0000000a   Code   RO         2417    .text.OUTLINED_FUNCTION_9  Net_Dbg_CM3_L.lib(net_http_server.o)
    0x08014142   0x08014142   0x00000002   PAD
    0x08014144   0x08014144   0x0000005c   Code   RO         2381    .text.add_server_id  Net_Dbg_CM3_L.lib(net_http_server.o)
    0x080141a0   0x080141a0   0x00000062   Code   RO         1830    .text.arp_cache_alloc  Net_Dbg_CM3_L.lib(net_arp.o)
    0x08014202   0x08014202   0x00000034   Code   RO         1828    .text.arp_is_cacheable  Net_Dbg_CM3_L.lib(net_arp.o)
    0x08014236   0x08014236   0x00000002   PAD
    0x08014238   0x08014238   0x000000ec   Code   RO         1820    .text.arp_proc_response  Net_Dbg_CM3_L.lib(net_arp.o)
    0x08014324   0x08014324   0x00000018   Code   RO         1832    .text.arp_que_free  Net_Dbg_CM3_L.lib(net_arp.o)
    0x0801433c   0x0801433c   0x00000098   Code   RO         1818    .text.arp_send_reply  Net_Dbg_CM3_L.lib(net_arp.o)
    0x080143d4   0x080143d4   0x000000d4   Code   RO         1824    .text.arp_send_request  Net_Dbg_CM3_L.lib(net_arp.o)
    0x080144a8   0x080144a8   0x00000068   Code   RO         1814    .text.arp_sender_valid  Net_Dbg_CM3_L.lib(net_arp.o)
    0x08014510   0x08014510   0x0000003e   Code   RO         2239    .text.base16_decode  Net_Dbg_CM3_L.lib(net_nbns_client.o)
    0x0801454e   0x0801454e   0x00000002   PAD
    0x08014550   0x08014550   0x00000194   Code   RO         2389    .text.chk_post_req  Net_Dbg_CM3_L.lib(net_http_server.o)
    0x080146e4   0x080146e4   0x00000030   Code   RO         2917    .text.crc32_8bit    Net_Dbg_CM3_L.lib(net_common.o)
    0x08014714   0x08014714   0x00000030   Code   RO         2274    .text.dns_client_stop  Net_Dbg_CM3_L.lib(net_dns_client.o)
    0x08014744   0x08014744   0x0000007c   Code   RO         2278    .text.dns_get_server  Net_Dbg_CM3_L.lib(net_dns_client.o)
    0x080147c0   0x080147c0   0x0000034c   Code   RO         2266    .text.dns_listener  Net_Dbg_CM3_L.lib(net_dns_client.o)
    0x08014b0c   0x08014b0c   0x00000088   Code   RO         2276    .text.dns_send_message  Net_Dbg_CM3_L.lib(net_dns_client.o)
    0x08014b94   0x08014b94   0x00000088   Code   RO         1746    .text.eth_check_link  Net_Dbg_CM3_L.lib(net_eth.o)
    0x08014c1c   0x08014c1c   0x00000018   Code   RO         1754    .text.eth_if_map    Net_Dbg_CM3_L.lib(net_eth.o)
    0x08014c34   0x08014c34   0x00000008   Code   RO         1744    .text.eth_lock      Net_Dbg_CM3_L.lib(net_eth.o)
    0x08014c3c   0x08014c3c   0x0000004e   Code   RO         1756    .text.eth_opt_len   Net_Dbg_CM3_L.lib(net_eth.o)
    0x08014c8a   0x08014c8a   0x00000008   Code   RO         1748    .text.eth_unlock    Net_Dbg_CM3_L.lib(net_eth.o)
    0x08014c92   0x08014c92   0x00000034   Code   RO         2393    .text.get_next_field  Net_Dbg_CM3_L.lib(net_http_server.o)
    0x08014cc6   0x08014cc6   0x0000003e   Code   RO         2395    .text.get_next_par  Net_Dbg_CM3_L.lib(net_http_server.o)
    0x08014d04   0x08014d04   0x00000026   Code   RO         2947    .text.hex2uc        Net_Dbg_CM3_L.lib(net_common.o)
    0x08014d2a   0x08014d2a   0x00000002   PAD
    0x08014d2c   0x08014d2c   0x000003ec   Code   RO         2375    .text.http_add_header  Net_Dbg_CM3_L.lib(net_http_server.o)
    0x08015118   0x08015118   0x00000050   Code   RO         2442    .text.http_auth_basic_add  Net_Dbg_CM3_L.lib(net_http_server_auth.o)
    0x08015168   0x08015168   0x00000090   Code   RO         2444    .text.http_auth_basic_parse  Net_Dbg_CM3_L.lib(net_http_server_auth.o)
    0x080151f8   0x080151f8   0x00000002   Code   RO         2440    .text.http_auth_dummy  Net_Dbg_CM3_L.lib(net_http_server_auth.o)
    0x080151fa   0x080151fa   0x00000002   PAD
    0x080151fc   0x080151fc   0x00000020   Code   RO         2438    .text.http_auth_init  Net_Dbg_CM3_L.lib(net_http_server_auth.o)
    0x0801521c   0x0801521c   0x00000074   Code   RO         2371    .text.http_kill_session  Net_Dbg_CM3_L.lib(net_http_server.o)
    0x08015290   0x08015290   0x00000404   Code   RO         2295    .text.http_listener  Net_Dbg_CM3_L.lib(net_http_server.o)
    0x08015694   0x08015694   0x000001c0   Code   RO         2379    .text.http_open_file  Net_Dbg_CM3_L.lib(net_http_server.o)
    0x08015854   0x08015854   0x000002ac   Code   RO         2385    .text.http_parse_header  Net_Dbg_CM3_L.lib(net_http_server.o)
    0x08015b00   0x08015b00   0x00000130   Code   RO         2391    .text.http_proc_post  Net_Dbg_CM3_L.lib(net_http_server.o)
    0x08015c30   0x08015c30   0x000000d4   Code   RO         2383    .text.http_proc_uri  Net_Dbg_CM3_L.lib(net_http_server.o)
    0x08015d04   0x08015d04   0x00000068   Code   RO         2297    .text.http_server_start  Net_Dbg_CM3_L.lib(net_http_server.o)
    0x08015d6c   0x08015d6c   0x00000070   Code   RO         2387    .text.http_set_ftype  Net_Dbg_CM3_L.lib(net_http_server.o)
    0x08015ddc   0x08015ddc   0x00000018   Code   RO         2377    .text.http_strcpy   Net_Dbg_CM3_L.lib(net_http_server.o)
    0x08015df4   0x08015df4   0x0000001e   Code   RO         2937    .text.i2str         Net_Dbg_CM3_L.lib(net_common.o)
    0x08015e12   0x08015e12   0x0000001e   Code   RO         1889    .text.igmp_map_group  Net_Dbg_CM3_L.lib(net_igmp.o)
    0x08015e30   0x08015e30   0x00000074   Code   RO         1891    .text.igmp_send_report  Net_Dbg_CM3_L.lib(net_igmp.o)
    0x08015ea4   0x08015ea4   0x0000000e   Code   RO         2765    .text.ip4_get_chksum  Net_Dbg_CM3_L.lib(net_ip4.o)
    0x08015eb2   0x08015eb2   0x00000020   Code   RO         2767    .text.ip4_get_mtu   Net_Dbg_CM3_L.lib(net_ip4.o)
    0x08015ed2   0x08015ed2   0x00000012   Code   RO         2763    .text.ip4_is_subcast  Net_Dbg_CM3_L.lib(net_ip4.o)
    0x08015ee4   0x08015ee4   0x0000002e   Code   RO         2600    .text.ip4_ntoa      Net_Dbg_CM3_L.lib(net_addr.o)
    0x08015f12   0x08015f12   0x00000020   Code   RO         2805    .text.ip6_get_mtu   Net_Dbg_CM3_L.lib(net_ip6.o)
    0x08015f32   0x08015f32   0x00000002   PAD
    0x08015f34   0x08015f34   0x00000108   Code   RO         2604    .text.ip6_ntoa      Net_Dbg_CM3_L.lib(net_addr.o)
    0x0801603c   0x0801603c   0x0000000c   Code   RO         2876    .text.mem_lock      Net_Dbg_CM3_L.lib(net_mem.o)
    0x08016048   0x08016048   0x0000000c   Code   RO         2878    .text.mem_unlock    Net_Dbg_CM3_L.lib(net_mem.o)
    0x08016054   0x08016054   0x000001c8   Code   RO         2221    .text.nbns_listener  Net_Dbg_CM3_L.lib(net_nbns_client.o)
    0x0801621c   0x0801621c   0x00000118   Code   RO         2683    .text.ndp_cache_add  Net_Dbg_CM3_L.lib(net_ndp.o)
    0x08016334   0x08016334   0x00000080   Code   RO         2691    .text.ndp_cache_alloc  Net_Dbg_CM3_L.lib(net_ndp.o)
    0x080163b4   0x080163b4   0x0000002a   Code   RO         2681    .text.ndp_check_frame  Net_Dbg_CM3_L.lib(net_ndp.o)
    0x080163de   0x080163de   0x00000018   Code   RO         2693    .text.ndp_que_free  Net_Dbg_CM3_L.lib(net_ndp.o)
    0x080163f6   0x080163f6   0x00000002   PAD
    0x080163f8   0x080163f8   0x00000038   Code   RO         2719    .text.ndp_router_remove  Net_Dbg_CM3_L.lib(net_ndp.o)
    0x08016430   0x08016430   0x000000a4   Code   RO         2685    .text.ndp_send_reply  Net_Dbg_CM3_L.lib(net_ndp.o)
    0x080164d4   0x080164d4   0x000000d4   Code   RO         2715    .text.ndp_send_request  Net_Dbg_CM3_L.lib(net_ndp.o)
    0x080165a8   0x080165a8   0x00000004   Code   RO         2353    .text.netCGI_Charset  Net_Dbg_CM3_L.lib(net_http_server.o)
    0x080165ac   0x080165ac   0x00000004   Code   RO         2349    .text.netCGI_ContentType  Net_Dbg_CM3_L.lib(net_http_server.o)
    0x080165b0   0x080165b0   0x00000004   Code   RO         2355    .text.netCGI_CustomHeader  Net_Dbg_CM3_L.lib(net_http_server.o)
    0x080165b4   0x080165b4   0x00000054   Code   RO         2333    .text.netCGI_GetEnvVar  Net_Dbg_CM3_L.lib(net_http_server.o)
    0x08016608   0x08016608   0x00000010   Code   RO         2369    .text.netCGI_ProcessCookie  Net_Dbg_CM3_L.lib(net_http_server.o)
    0x08016618   0x08016618   0x00000010   Code   RO         2367    .text.netCGI_ProcessRequest  Net_Dbg_CM3_L.lib(net_http_server.o)
    0x08016628   0x08016628   0x00000004   Code   RO         2357    .text.netCGI_Redirect  Net_Dbg_CM3_L.lib(net_http_server.o)
    0x0801662c   0x0801662c   0x00000004   Code   RO         2351    .text.netCGX_ContentType  Net_Dbg_CM3_L.lib(net_http_server.o)
    0x08016630   0x08016630   0x000000c0   Code   RO         2546    .text.netCore_Thread  Net_Dbg_CM3_L.lib(net_sys.o)
    0x080166f0   0x080166f0   0x00000002   Code   RO         1772    .text.netETH_Notify  Net_Dbg_CM3_L.lib(net_eth.o)
    0x080166f2   0x080166f2   0x00000002   Code   RO         1774    .text.netETH_ReceiveRaw  Net_Dbg_CM3_L.lib(net_eth.o)
    0x080166f4   0x080166f4   0x000000e0   Code   RO         1742    .text.netETH_Thread  Net_Dbg_CM3_L.lib(net_eth.o)
    0x080167d4   0x080167d4   0x00000004   Code   RO         2359    .text.netHTTPs_AcceptClient  Net_Dbg_CM3_L.lib(net_http_server.o)
    0x080167d8   0x080167d8   0x00000004   Code   RO         2456    .text.netHTTPs_CheckAccount  Net_Dbg_CM3_L.lib(net_http_server_auth.o)
    0x080167dc   0x080167dc   0x00000004   Code   RO         2361    .text.netHTTPs_FileAccess  Net_Dbg_CM3_L.lib(net_http_server.o)
    0x080167e0   0x080167e0   0x0000001c   Code   RO         2335    .text.netHTTPs_GetLanguage  Net_Dbg_CM3_L.lib(net_http_server.o)
    0x080167fc   0x080167fc   0x0000000c   Code   RO         2321    .text.netHTTPs_GetPassword  Net_Dbg_CM3_L.lib(net_http_server.o)
    0x08016808   0x08016808   0x0000000c   Code   RO         2327    .text.netHTTPs_LoginActive  Net_Dbg_CM3_L.lib(net_http_server.o)
    0x08016814   0x08016814   0x00000058   Code   RO         2323    .text.netHTTPs_SetPassword  Net_Dbg_CM3_L.lib(net_http_server.o)
    0x0801686c   0x0801686c   0x0000007c   Code   RO         2552    .text.netIF_GetOption  Net_Dbg_CM3_L.lib(net_sys.o)
    0x080168e8   0x080168e8   0x00000078   Code   RO         2556    .text.netIF_SetOption  Net_Dbg_CM3_L.lib(net_sys.o)
    0x08016960   0x08016960   0x0000001a   Code   RO         2594    .text.netIP_aton    Net_Dbg_CM3_L.lib(net_addr.o)
    0x0801697a   0x0801697a   0x00000030   Code   RO         2608    .text.netIP_ntoa    Net_Dbg_CM3_L.lib(net_addr.o)
    0x080169aa   0x080169aa   0x00000002   PAD
    0x080169ac   0x080169ac   0x00000098   Code   RO         2538    .text.netInitialize  Net_Dbg_CM3_L.lib(net_sys.o)
    0x08016a44   0x08016a44   0x00000062   Code   RO         2596    .text.netMAC_aton   Net_Dbg_CM3_L.lib(net_addr.o)
    0x08016aa6   0x08016aa6   0x0000001c   Code   RO         2479    .text.netSNTPc_GetTime  Net_Dbg_CM3_L.lib(net_sntp_client_core.o)
    0x08016ac2   0x08016ac2   0x00000004   Code   RO         2106    .text.netTCP_GetLocalPort  Net_Dbg_CM3_L.lib(net_tcp.o)
    0x08016ac6   0x08016ac6   0x00000018   Code   RO         2110    .text.netTCP_GetPeer  Net_Dbg_CM3_L.lib(net_tcp.o)
    0x08016ade   0x08016ade   0x00000004   Code   RO         2094    .text.netTCP_GetState  Net_Dbg_CM3_L.lib(net_tcp.o)
    0x08016ae2   0x08016ae2   0x00000004   Code   RO         2114    .text.netTCP_GetTimer  Net_Dbg_CM3_L.lib(net_tcp.o)
    0x08016ae6   0x08016ae6   0x0000006c   Code   RO         2590    .text.net_addr4_aton  Net_Dbg_CM3_L.lib(net_addr.o)
    0x08016b52   0x08016b52   0x0000001a   Code   RO         2620    .text.net_addr4_is_subcast  Net_Dbg_CM3_L.lib(net_addr.o)
    0x08016b6c   0x08016b6c   0x0000001a   Code   RO         2616    .text.net_addr4_to_mac  Net_Dbg_CM3_L.lib(net_addr.o)
    0x08016b86   0x08016b86   0x000000d8   Code   RO         2592    .text.net_addr6_aton  Net_Dbg_CM3_L.lib(net_addr.o)
    0x08016c5e   0x08016c5e   0x00000028   Code   RO         2638    .text.net_addr6_comp  Net_Dbg_CM3_L.lib(net_addr.o)
    0x08016c86   0x08016c86   0x00000012   Code   RO         2636    .text.net_addr6_copy  Net_Dbg_CM3_L.lib(net_addr.o)
    0x08016c98   0x08016c98   0x00000048   Code   RO         2626    .text.net_addr6_create  Net_Dbg_CM3_L.lib(net_addr.o)
    0x08016ce0   0x08016ce0   0x00000024   Code   RO         2622    .text.net_addr6_get_solicited  Net_Dbg_CM3_L.lib(net_addr.o)
    0x08016d04   0x08016d04   0x00000016   Code   RO         2628    .text.net_addr6_is_linklocal  Net_Dbg_CM3_L.lib(net_addr.o)
    0x08016d1a   0x08016d1a   0x00000002   PAD
    0x08016d1c   0x08016d1c   0x00000054   Code   RO         2632    .text.net_addr6_is_onlink  Net_Dbg_CM3_L.lib(net_addr.o)
    0x08016d70   0x08016d70   0x0000003e   Code   RO         2624    .text.net_addr6_is_solicited  Net_Dbg_CM3_L.lib(net_addr.o)
    0x08016dae   0x08016dae   0x00000018   Code   RO         2640    .text.net_addr6_is_unspec  Net_Dbg_CM3_L.lib(net_addr.o)
    0x08016dc6   0x08016dc6   0x0000000e   Code   RO         2642    .text.net_addr6_to_mac  Net_Dbg_CM3_L.lib(net_addr.o)
    0x08016dd4   0x08016dd4   0x0000002a   Code   RO         2648    .text.net_addr_comp  Net_Dbg_CM3_L.lib(net_addr.o)
    0x08016dfe   0x08016dfe   0x00000034   Code   RO         2646    .text.net_addr_copy  Net_Dbg_CM3_L.lib(net_addr.o)
    0x08016e32   0x08016e32   0x0000001a   Code   RO         2650    .text.net_addr_find_route  Net_Dbg_CM3_L.lib(net_addr.o)
    0x08016e4c   0x08016e4c   0x00000020   Code   RO         2652    .text.net_addr_get_local  Net_Dbg_CM3_L.lib(net_addr.o)
    0x08016e6c   0x08016e6c   0x0000001e   Code   RO         2644    .text.net_addr_is_unspec  Net_Dbg_CM3_L.lib(net_addr.o)
    0x08016e8a   0x08016e8a   0x00000002   PAD
    0x08016e8c   0x08016e8c   0x00000100   Code   RO         1816    .text.net_arp_cache_add  Net_Dbg_CM3_L.lib(net_arp.o)
    0x08016f8c   0x08016f8c   0x000000b0   Code   RO         1834    .text.net_arp_cache_early  Net_Dbg_CM3_L.lib(net_arp.o)
    0x0801703c   0x0801703c   0x000000e8   Code   RO         1836    .text.net_arp_cache_find  Net_Dbg_CM3_L.lib(net_arp.o)
    0x08017124   0x08017124   0x00000044   Code   RO         1808    .text.net_arp_cache_init  Net_Dbg_CM3_L.lib(net_arp.o)
    0x08017168   0x08017168   0x000001f0   Code   RO         1858    .text.net_arp_cache_run  Net_Dbg_CM3_L.lib(net_arp.o)
    0x08017358   0x08017358   0x0000004c   Code   RO         1810    .text.net_arp_cache_uninit  Net_Dbg_CM3_L.lib(net_arp.o)
    0x080173a4   0x080173a4   0x0000007c   Code   RO         1856    .text.net_arp_enqueue  Net_Dbg_CM3_L.lib(net_arp.o)
    0x08017420   0x08017420   0x0000001e   Code   RO         1826    .text.net_arp_notify  Net_Dbg_CM3_L.lib(net_arp.o)
    0x0801743e   0x0801743e   0x00000002   PAD
    0x08017440   0x08017440   0x00000228   Code   RO         1812    .text.net_arp_process  Net_Dbg_CM3_L.lib(net_arp.o)
    0x08017668   0x08017668   0x00000044   Code   RO         2943    .text.net_atoi      Net_Dbg_CM3_L.lib(net_common.o)
    0x080176ac   0x080176ac   0x00000074   Code   RO         2979    .text.net_base64_decode  Net_Dbg_CM3_L.lib(net_base64.o)
    0x08017720   0x08017720   0x00000030   Code   RO         2921    .text.net_chksum_buf  Net_Dbg_CM3_L.lib(net_common.o)
    0x08017750   0x08017750   0x0000001c   Code   RO         2919    .text.net_crc_buf   Net_Dbg_CM3_L.lib(net_common.o)
    0x0801776c   0x0801776c   0x00000060   Code   RO         2264    .text.net_dns_client_init  Net_Dbg_CM3_L.lib(net_dns_client.o)
    0x080177cc   0x080177cc   0x000000e4   Code   RO         2272    .text.net_dns_client_run  Net_Dbg_CM3_L.lib(net_dns_client.o)
    0x080178b0   0x080178b0   0x0000003c   Code   RO         2268    .text.net_dns_client_uninit  Net_Dbg_CM3_L.lib(net_dns_client.o)
    0x080178ec   0x080178ec   0x0000000e   Code   RO         1750    .text.net_eth_callback  Net_Dbg_CM3_L.lib(net_eth.o)
    0x080178fa   0x080178fa   0x00000064   Code   RO         1760    .text.net_eth_config_mcast  Net_Dbg_CM3_L.lib(net_eth.o)
    0x0801795e   0x0801795e   0x00000002   PAD
    0x08017960   0x08017960   0x000000e0   Code   RO         1752    .text.net_eth_get_option  Net_Dbg_CM3_L.lib(net_eth.o)
    0x08017a40   0x08017a40   0x0000034c   Code   RO         1738    .text.net_eth_iface_init  Net_Dbg_CM3_L.lib(net_eth.o)
    0x08017d8c   0x08017d8c   0x000002ec   Code   RO         1770    .text.net_eth_iface_run  Net_Dbg_CM3_L.lib(net_eth.o)
    0x08018078   0x08018078   0x00000080   Code   RO         1740    .text.net_eth_iface_uninit  Net_Dbg_CM3_L.lib(net_eth.o)
    0x080180f8   0x080180f8   0x000000ac   Code   RO         1766    .text.net_eth_output  Net_Dbg_CM3_L.lib(net_eth.o)
    0x080181a4   0x080181a4   0x000001cc   Code   RO         1764    .text.net_eth_send_frame  Net_Dbg_CM3_L.lib(net_eth.o)
    0x08018370   0x08018370   0x00000298   Code   RO         1758    .text.net_eth_set_option  Net_Dbg_CM3_L.lib(net_eth.o)
    0x08018608   0x08018608   0x0000010c   Code   RO         2293    .text.net_http_server_init  Net_Dbg_CM3_L.lib(net_http_server.o)
    0x08018714   0x08018714   0x00000640   Code   RO         2331    .text.net_http_server_run  Net_Dbg_CM3_L.lib(net_http_server.o)
    0x08018d54   0x08018d54   0x00000078   Code   RO         2299    .text.net_http_server_uninit  Net_Dbg_CM3_L.lib(net_http_server.o)
    0x08018dcc   0x08018dcc   0x00000018   Code   RO         2839    .text.net_icmp6_init  Net_Dbg_CM3_L.lib(net_icmp6.o)
    0x08018de4   0x08018de4   0x00000238   Code   RO         2843    .text.net_icmp6_process  Net_Dbg_CM3_L.lib(net_icmp6.o)
    0x0801901c   0x0801901c   0x00000080   Code   RO         2845    .text.net_icmp6_send  Net_Dbg_CM3_L.lib(net_icmp6.o)
    0x0801909c   0x0801909c   0x00000058   Code   RO         2847    .text.net_icmp6_send_echo  Net_Dbg_CM3_L.lib(net_icmp6.o)
    0x080190f4   0x080190f4   0x00000018   Code   RO         1964    .text.net_icmp_init  Net_Dbg_CM3_L.lib(net_icmp.o)
    0x0801910c   0x0801910c   0x000001c4   Code   RO         1968    .text.net_icmp_process  Net_Dbg_CM3_L.lib(net_icmp.o)
    0x080192d0   0x080192d0   0x000000a4   Code   RO         1970    .text.net_icmp_send_echo  Net_Dbg_CM3_L.lib(net_icmp.o)
    0x08019374   0x08019374   0x0000000c   Code   RO         2554    .text.net_if_map_all  Net_Dbg_CM3_L.lib(net_sys.o)
    0x08019380   0x08019380   0x00000074   Code   RO         1897    .text.net_igmp_collect_mcast  Net_Dbg_CM3_L.lib(net_igmp.o)
    0x080193f4   0x080193f4   0x0000003c   Code   RO         1883    .text.net_igmp_host_init  Net_Dbg_CM3_L.lib(net_igmp.o)
    0x08019430   0x08019430   0x000000c0   Code   RO         1901    .text.net_igmp_host_run  Net_Dbg_CM3_L.lib(net_igmp.o)
    0x080194f0   0x080194f0   0x00000038   Code   RO         1885    .text.net_igmp_host_uninit  Net_Dbg_CM3_L.lib(net_igmp.o)
    0x08019528   0x08019528   0x00000020   Code   RO         1895    .text.net_igmp_is_member  Net_Dbg_CM3_L.lib(net_igmp.o)
    0x08019548   0x08019548   0x000001c4   Code   RO         1899    .text.net_igmp_process  Net_Dbg_CM3_L.lib(net_igmp.o)
    0x0801970c   0x0801970c   0x000001a8   Code   RO         2761    .text.net_ip4_chk_frame  Net_Dbg_CM3_L.lib(net_ip4.o)
    0x080198b4   0x080198b4   0x0000002e   Code   RO         2787    .text.net_ip4_chksum  Net_Dbg_CM3_L.lib(net_ip4.o)
    0x080198e2   0x080198e2   0x00000006   Code   RO         2785    .text.net_ip4_chksum_buf  Net_Dbg_CM3_L.lib(net_ip4.o)
    0x080198e8   0x080198e8   0x00000080   Code   RO         2781    .text.net_ip4_find_route  Net_Dbg_CM3_L.lib(net_ip4.o)
    0x08019968   0x08019968   0x000001bc   Code   RO         1943    .text.net_ip4_frag_add  Net_Dbg_CM3_L.lib(net_ip4_frag.o)
    0x08019b24   0x08019b24   0x000000b4   Code   RO         1947    .text.net_ip4_frag_get  Net_Dbg_CM3_L.lib(net_ip4_frag.o)
    0x08019bd8   0x08019bd8   0x00000010   Code   RO         1939    .text.net_ip4_frag_init  Net_Dbg_CM3_L.lib(net_ip4_frag.o)
    0x08019be8   0x08019be8   0x00000038   Code   RO         1949    .text.net_ip4_frag_run  Net_Dbg_CM3_L.lib(net_ip4_frag.o)
    0x08019c20   0x08019c20   0x00000010   Code   RO         1941    .text.net_ip4_frag_uninit  Net_Dbg_CM3_L.lib(net_ip4_frag.o)
    0x08019c30   0x08019c30   0x00000020   Code   RO         2773    .text.net_ip4_get_local  Net_Dbg_CM3_L.lib(net_ip4.o)
    0x08019c50   0x08019c50   0x00000024   Code   RO         2757    .text.net_ip4_init  Net_Dbg_CM3_L.lib(net_ip4.o)
    0x08019c74   0x08019c74   0x0000001a   Code   RO         2783    .text.net_ip4_is_onlink  Net_Dbg_CM3_L.lib(net_ip4.o)
    0x08019c8e   0x08019c8e   0x00000010   Code   RO         2769    .text.net_ip4_reass_frame  Net_Dbg_CM3_L.lib(net_ip4.o)
    0x08019c9e   0x08019c9e   0x00000002   PAD
    0x08019ca0   0x08019ca0   0x00000188   Code   RO         2771    .text.net_ip4_send_frame  Net_Dbg_CM3_L.lib(net_ip4.o)
    0x08019e28   0x08019e28   0x00000032   Code   RO         2779    .text.net_ip4_tx_offl_hl  Net_Dbg_CM3_L.lib(net_ip4.o)
    0x08019e5a   0x08019e5a   0x00000002   PAD
    0x08019e5c   0x08019e5c   0x00000020   Code   RO         2759    .text.net_ip4_uninit  Net_Dbg_CM3_L.lib(net_ip4.o)
    0x08019e7c   0x08019e7c   0x0000012c   Code   RO         2803    .text.net_ip6_chk_frame  Net_Dbg_CM3_L.lib(net_ip6.o)
    0x08019fa8   0x08019fa8   0x00000034   Code   RO         2823    .text.net_ip6_chksum  Net_Dbg_CM3_L.lib(net_ip6.o)
    0x08019fdc   0x08019fdc   0x00000078   Code   RO         2819    .text.net_ip6_collect_mcast  Net_Dbg_CM3_L.lib(net_ip6.o)
    0x0801a054   0x0801a054   0x0000004c   Code   RO         2821    .text.net_ip6_find_route  Net_Dbg_CM3_L.lib(net_ip6.o)
    0x0801a0a0   0x0801a0a0   0x00000048   Code   RO         2815    .text.net_ip6_get_local  Net_Dbg_CM3_L.lib(net_ip6.o)
    0x0801a0e8   0x0801a0e8   0x0000001c   Code   RO         2799    .text.net_ip6_init  Net_Dbg_CM3_L.lib(net_ip6.o)
    0x0801a104   0x0801a104   0x0000000c   Code   RO         2807    .text.net_ip6_reass_frame  Net_Dbg_CM3_L.lib(net_ip6.o)
    0x0801a110   0x0801a110   0x0000011c   Code   RO         2809    .text.net_ip6_send_frame  Net_Dbg_CM3_L.lib(net_ip6.o)
    0x0801a22c   0x0801a22c   0x00000022   Code   RO         2817    .text.net_ip6_tx_offl_hl  Net_Dbg_CM3_L.lib(net_ip6.o)
    0x0801a24e   0x0801a24e   0x00000002   PAD
    0x0801a250   0x0801a250   0x0000001c   Code   RO         2801    .text.net_ip6_uninit  Net_Dbg_CM3_L.lib(net_ip6.o)
    0x0801a26c   0x0801a26c   0x00000008   Code   RO         2935    .text.net_itoa      Net_Dbg_CM3_L.lib(net_common.o)
    0x0801a274   0x0801a274   0x00000006   Code   RO         2941    .text.net_itoa_n0   Net_Dbg_CM3_L.lib(net_common.o)
    0x0801a27a   0x0801a27a   0x00000002   PAD
    0x0801a27c   0x0801a27c   0x00000028   Code   RO         1921    .text.net_loop_iface_init  Net_Dbg_CM3_L.lib(net_loopback.o)
    0x0801a2a4   0x0801a2a4   0x000000b8   Code   RO         1925    .text.net_loop_iface_run  Net_Dbg_CM3_L.lib(net_loopback.o)
    0x0801a35c   0x0801a35c   0x00000020   Code   RO         1923    .text.net_loop_iface_uninit  Net_Dbg_CM3_L.lib(net_loopback.o)
    0x0801a37c   0x0801a37c   0x0000006c   Code   RO         1919    .text.net_loop_send_frame  Net_Dbg_CM3_L.lib(net_loopback.o)
    0x0801a3e8   0x0801a3e8   0x000000c0   Code   RO         2874    .text.net_mem_alloc  Net_Dbg_CM3_L.lib(net_mem.o)
    0x0801a4a8   0x0801a4a8   0x00000018   Code   RO         2884    .text.net_mem_avail  Net_Dbg_CM3_L.lib(net_mem.o)
    0x0801a4c0   0x0801a4c0   0x000000a0   Code   RO         2882    .text.net_mem_free  Net_Dbg_CM3_L.lib(net_mem.o)
    0x0801a560   0x0801a560   0x0000006c   Code   RO         2870    .text.net_mem_init  Net_Dbg_CM3_L.lib(net_mem.o)
    0x0801a5cc   0x0801a5cc   0x00000048   Code   RO         2880    .text.net_mem_shrink  Net_Dbg_CM3_L.lib(net_mem.o)
    0x0801a614   0x0801a614   0x00000074   Code   RO         2219    .text.net_nbns_client_init  Net_Dbg_CM3_L.lib(net_nbns_client.o)
    0x0801a688   0x0801a688   0x00000010   Code   RO         2237    .text.net_nbns_client_run  Net_Dbg_CM3_L.lib(net_nbns_client.o)
    0x0801a698   0x0801a698   0x0000004c   Code   RO         2223    .text.net_nbns_client_uninit  Net_Dbg_CM3_L.lib(net_nbns_client.o)
    0x0801a6e4   0x0801a6e4   0x000001a0   Code   RO         2689    .text.net_ndp_cache_find  Net_Dbg_CM3_L.lib(net_ndp.o)
    0x0801a884   0x0801a884   0x00000080   Code   RO         2687    .text.net_ndp_cache_refresh  Net_Dbg_CM3_L.lib(net_ndp.o)
    0x0801a904   0x0801a904   0x0000007c   Code   RO         2713    .text.net_ndp_enqueue  Net_Dbg_CM3_L.lib(net_ndp.o)
    0x0801a980   0x0801a980   0x00000624   Code   RO         2679    .text.net_ndp_process  Net_Dbg_CM3_L.lib(net_ndp.o)
    0x0801afa4   0x0801afa4   0x0000003c   Code   RO         2566    .text.net_path      Net_Dbg_CM3_L.lib(net_sys.o)
    0x0801afe0   0x0801afe0   0x00000020   Code   RO         2518    .text.net_ping_client_init  Net_Dbg_CM3_L.lib(net_ping_core.o)
    0x0801b000   0x0801b000   0x00000078   Code   RO         2524    .text.net_ping_client_run  Net_Dbg_CM3_L.lib(net_ping_core.o)
    0x0801b078   0x0801b078   0x00000028   Code   RO         2520    .text.net_ping_client_uninit  Net_Dbg_CM3_L.lib(net_ping_core.o)
    0x0801b0a0   0x0801b0a0   0x0000001c   Code   RO         2564    .text.net_rand32    Net_Dbg_CM3_L.lib(net_sys.o)
    0x0801b0bc   0x0801b0bc   0x00000054   Code   RO         2485    .text.net_sntp_client_init  Net_Dbg_CM3_L.lib(net_sntp_client_core.o)
    0x0801b110   0x0801b110   0x00000058   Code   RO         2493    .text.net_sntp_client_run  Net_Dbg_CM3_L.lib(net_sntp_client_core.o)
    0x0801b168   0x0801b168   0x00000128   Code   RO         2481    .text.net_sntp_client_start  Net_Dbg_CM3_L.lib(net_sntp_client_core.o)
    0x0801b290   0x0801b290   0x00000028   Code   RO         2489    .text.net_sntp_client_uninit  Net_Dbg_CM3_L.lib(net_sntp_client_core.o)
    0x0801b2b8   0x0801b2b8   0x0000002a   Code   RO         2897    .text.net_strcasecmp  Net_Dbg_CM3_L.lib(net_common.o)
    0x0801b2e2   0x0801b2e2   0x00000016   Code   RO         2903    .text.net_strchr    Net_Dbg_CM3_L.lib(net_common.o)
    0x0801b2f8   0x0801b2f8   0x00000018   Code   RO         2895    .text.net_strcmp    Net_Dbg_CM3_L.lib(net_common.o)
    0x0801b310   0x0801b310   0x00000010   Code   RO         2899    .text.net_strcpy    Net_Dbg_CM3_L.lib(net_common.o)
    0x0801b320   0x0801b320   0x0000001e   Code   RO         2905    .text.net_strnchr   Net_Dbg_CM3_L.lib(net_common.o)
    0x0801b33e   0x0801b33e   0x0000001a   Code   RO         2901    .text.net_strncpy   Net_Dbg_CM3_L.lib(net_common.o)
    0x0801b358   0x0801b358   0x00000052   Code   RO         2913    .text.net_strnstr   Net_Dbg_CM3_L.lib(net_common.o)
    0x0801b3aa   0x0801b3aa   0x0000001a   Code   RO         2907    .text.net_strrchr   Net_Dbg_CM3_L.lib(net_common.o)
    0x0801b3c4   0x0801b3c4   0x0000000c   Code   RO         2540    .text.net_sys_lock  Net_Dbg_CM3_L.lib(net_sys.o)
    0x0801b3d0   0x0801b3d0   0x00000014   Code   RO         2574    .text.net_sys_resume  Net_Dbg_CM3_L.lib(net_sys.o)
    0x0801b3e4   0x0801b3e4   0x00000018   Code   RO         2548    .text.net_sys_tick  Net_Dbg_CM3_L.lib(net_sys.o)
    0x0801b3fc   0x0801b3fc   0x0000000c   Code   RO         2542    .text.net_sys_unlock  Net_Dbg_CM3_L.lib(net_sys.o)
    0x0801b408   0x0801b408   0x00000020   Code   RO         2550    .text.net_sys_wakeup  Net_Dbg_CM3_L.lib(net_sys.o)
    0x0801b428   0x0801b428   0x00000074   Code   RO         2076    .text.net_tcp_abort  Net_Dbg_CM3_L.lib(net_tcp.o)
    0x0801b49c   0x0801b49c   0x00000104   Code   RO         2072    .text.net_tcp_close  Net_Dbg_CM3_L.lib(net_tcp.o)
    0x0801b5a0   0x0801b5a0   0x00000034   Code   RO         2084    .text.net_tcp_get_buf  Net_Dbg_CM3_L.lib(net_tcp.o)
    0x0801b5d4   0x0801b5d4   0x0000002c   Code   RO         2108    .text.net_tcp_get_local_port  Net_Dbg_CM3_L.lib(net_tcp.o)
    0x0801b600   0x0801b600   0x00000020   Code   RO         2080    .text.net_tcp_get_mss  Net_Dbg_CM3_L.lib(net_tcp.o)
    0x0801b620   0x0801b620   0x00000044   Code   RO         2112    .text.net_tcp_get_peer  Net_Dbg_CM3_L.lib(net_tcp.o)
    0x0801b664   0x0801b664   0x00000074   Code   RO         2056    .text.net_tcp_get_socket  Net_Dbg_CM3_L.lib(net_tcp.o)
    0x0801b6d8   0x0801b6d8   0x00000024   Code   RO         2096    .text.net_tcp_get_state  Net_Dbg_CM3_L.lib(net_tcp.o)
    0x0801b6fc   0x0801b6fc   0x0000002c   Code   RO         2116    .text.net_tcp_get_timer  Net_Dbg_CM3_L.lib(net_tcp.o)
    0x0801b728   0x0801b728   0x000000ac   Code   RO         2064    .text.net_tcp_listen  Net_Dbg_CM3_L.lib(net_tcp.o)
    0x0801b7d4   0x0801b7d4   0x00000b4c   Code   RO         2150    .text.net_tcp_process  Net_Dbg_CM3_L.lib(net_tcp.o)
    0x0801c320   0x0801c320   0x00000174   Code   RO         2092    .text.net_tcp_send  Net_Dbg_CM3_L.lib(net_tcp.o)
    0x0801c494   0x0801c494   0x00000144   Code   RO         2104    .text.net_tcp_set_option  Net_Dbg_CM3_L.lib(net_tcp.o)
    0x0801c5d8   0x0801c5d8   0x00000024   Code   RO         2118    .text.net_tcp_socket_init  Net_Dbg_CM3_L.lib(net_tcp.o)
    0x0801c5fc   0x0801c5fc   0x0000044c   Code   RO         2142    .text.net_tcp_socket_run  Net_Dbg_CM3_L.lib(net_tcp.o)
    0x0801ca48   0x0801ca48   0x00000024   Code   RO         2120    .text.net_tcp_socket_uninit  Net_Dbg_CM3_L.lib(net_tcp.o)
    0x0801ca6c   0x0801ca6c   0x00000040   Code   RO         2000    .text.net_udp_close  Net_Dbg_CM3_L.lib(net_udp.o)
    0x0801caac   0x0801caac   0x00000034   Code   RO         2004    .text.net_udp_get_buf  Net_Dbg_CM3_L.lib(net_udp.o)
    0x0801cae0   0x0801cae0   0x00000068   Code   RO         1988    .text.net_udp_get_socket  Net_Dbg_CM3_L.lib(net_udp.o)
    0x0801cb48   0x0801cb48   0x000000c0   Code   RO         1996    .text.net_udp_open  Net_Dbg_CM3_L.lib(net_udp.o)
    0x0801cc08   0x0801cc08   0x0000017c   Code   RO         2034    .text.net_udp_process  Net_Dbg_CM3_L.lib(net_udp.o)
    0x0801cd84   0x0801cd84   0x00000014   Code   RO         2028    .text.net_udp_send  Net_Dbg_CM3_L.lib(net_udp.o)
    0x0801cd98   0x0801cd98   0x00000230   Code   RO         2008    .text.net_udp_send_if  Net_Dbg_CM3_L.lib(net_udp.o)
    0x0801cfc8   0x0801cfc8   0x00000020   Code   RO         2018    .text.net_udp_socket_init  Net_Dbg_CM3_L.lib(net_udp.o)
    0x0801cfe8   0x0801cfe8   0x00000020   Code   RO         2020    .text.net_udp_socket_uninit  Net_Dbg_CM3_L.lib(net_udp.o)
    0x0801d008   0x0801d008   0x00000008   Code   RO         2927    .text.net_ultoa     Net_Dbg_CM3_L.lib(net_common.o)
    0x0801d010   0x0801d010   0x00000040   Code   RO         2925    .text.net_ultox     Net_Dbg_CM3_L.lib(net_common.o)
    0x0801d050   0x0801d050   0x0000001a   Code   RO         2945    .text.net_xtouc     Net_Dbg_CM3_L.lib(net_common.o)
    0x0801d06a   0x0801d06a   0x0000005a   Code   RO         2949    .text.net_xtoul     Net_Dbg_CM3_L.lib(net_common.o)
    0x0801d0c4   0x0801d0c4   0x0000001c   Code   RO         2522    .text.ping_send_req  Net_Dbg_CM3_L.lib(net_ping_core.o)
    0x0801d0e0   0x0801d0e0   0x00000018   Code   RO         1945    .text.que_free_list  Net_Dbg_CM3_L.lib(net_ip4_frag.o)
    0x0801d0f8   0x0801d0f8   0x000000a4   Code   RO         2373    .text.read_script_line  Net_Dbg_CM3_L.lib(net_http_server.o)
    0x0801d19c   0x0801d19c   0x00000048   Code   RO         2397    .text.search_delim  Net_Dbg_CM3_L.lib(net_http_server.o)
    0x0801d1e4   0x0801d1e4   0x00000108   Code   RO         2487    .text.sntp_listener  Net_Dbg_CM3_L.lib(net_sntp_client_core.o)
    0x0801d2ec   0x0801d2ec   0x00000040   Code   RO         2491    .text.sntp_send_message  Net_Dbg_CM3_L.lib(net_sntp_client_core.o)
    0x0801d32c   0x0801d32c   0x00000018   Code   RO         2495    .text.sntp_stop     Net_Dbg_CM3_L.lib(net_sntp_client_core.o)
    0x0801d344   0x0801d344   0x00000010   Code   RO         2570    .text.sys_map_if    Net_Dbg_CM3_L.lib(net_sys.o)
    0x0801d354   0x0801d354   0x00000088   Code   RO         2154    .text.tcp_parse_opt  Net_Dbg_CM3_L.lib(net_tcp.o)
    0x0801d3dc   0x0801d3dc   0x00000018   Code   RO         2148    .text.tcp_que_free  Net_Dbg_CM3_L.lib(net_tcp.o)
    0x0801d3f4   0x0801d3f4   0x0000001c   Code   RO         2146    .text.tcp_que_init  Net_Dbg_CM3_L.lib(net_tcp.o)
    0x0801d410   0x0801d410   0x000000a4   Code   RO         2144    .text.tcp_que_resend  Net_Dbg_CM3_L.lib(net_tcp.o)
    0x0801d4b4   0x0801d4b4   0x00000090   Code   RO         2124    .text.tcp_send_ctrl  Net_Dbg_CM3_L.lib(net_tcp.o)
    0x0801d544   0x0801d544   0x00000080   Code   RO         2128    .text.tcp_send_data  Net_Dbg_CM3_L.lib(net_tcp.o)
    0x0801d5c4   0x0801d5c4   0x0000009c   Code   RO         2152    .text.tcp_send_reset  Net_Dbg_CM3_L.lib(net_tcp.o)
    0x0801d660   0x0801d660   0x00000034   Code   RO         2156    .text.tcp_set_cwnd  Net_Dbg_CM3_L.lib(net_tcp.o)
    0x0801d694   0x0801d694   0x00000074   Code   RO         2126    .text.tcp_transit   Net_Dbg_CM3_L.lib(net_tcp.o)
    0x0801d708   0x0801d708   0x0000010c   Code   RO         2160    .text.tcp_write     Net_Dbg_CM3_L.lib(net_tcp.o)
    0x0801d814   0x0801d814   0x00000034   Code   RO         2022    .text.udp_port_in_use  Net_Dbg_CM3_L.lib(net_udp.o)
    0x0801d848   0x0801d848   0x00000054   Code   RO         2929    .text.ul2str        Net_Dbg_CM3_L.lib(net_common.o)
    0x0801d89c   0x0801d89c   0x00000028   Code   RO         3256    i.__0sprintf        mc_w.l(printfa.o)
    0x0801d8c4   0x0801d8c4   0x00000008   Code   RO         3323    i.__aeabi_errno_addr  mc_w.l(errno.o)
    0x0801d8cc   0x0801d8cc   0x0000000e   Code   RO         3395    i.__scatterload_copy  mc_w.l(handlers.o)
    0x0801d8da   0x0801d8da   0x00000002   Code   RO         3396    i.__scatterload_null  mc_w.l(handlers.o)
    0x0801d8dc   0x0801d8dc   0x0000000e   Code   RO         3397    i.__scatterload_zeroinit  mc_w.l(handlers.o)
    0x0801d8ea   0x0801d8ea   0x00000002   PAD
    0x0801d8ec   0x0801d8ec   0x00000184   Code   RO         3261    i._fp_digits        mc_w.l(printfa.o)
    0x0801da70   0x0801da70   0x000006b4   Code   RO         3262    i._printf_core      mc_w.l(printfa.o)
    0x0801e124   0x0801e124   0x00000024   Code   RO         3263    i._printf_post_padding  mc_w.l(printfa.o)
    0x0801e148   0x0801e148   0x0000002e   Code   RO         3264    i._printf_pre_padding  mc_w.l(printfa.o)
    0x0801e176   0x0801e176   0x0000000a   Code   RO         3266    i._sputc            mc_w.l(printfa.o)
    0x0801e180   0x0801e180   0x00000024   Data   RO          155    .constdata          http_server.o
    0x0801e1a4   0x0801e1a4   0x00007144   Data   RO          270    .constdata          web.o
    0x080252e8   0x080252e8   0x00000960   Data   RO          320    .constdata          lcd_1.o
    0x08025c48   0x08025c48   0x00000030   Data   RO          390    .constdata          rtc_1.o
    0x08025c78   0x08025c78   0x00000018   Data   RO          457    .constdata          led_nucleo_f429zi.o
    0x08025c90   0x08025c90   0x00000001   Data   RO          479    .constdata          irq_armv7m.o
    0x08025c91   0x08025c91   0x00000003   PAD
    0x08025c94   0x08025c94   0x00000068   Data   RO          666    .constdata          rtx_lib.o
    0x08025cfc   0x08025cfc   0x00000024   Data   RO         1007    .constdata          phy_lan8742a.o
    0x08025d20   0x08025d20   0x00000094   Data   RO         1034    .constdata          emac_stm32f4xx.o
    0x08025db4   0x08025db4   0x00000080   Data   RO         1075    .constdata          spi_stm32f4xx.o
    0x08025e34   0x08025e34   0x00000018   Data   RO         1111    .constdata          eventrecorder.o
    0x08025e4c   0x08025e4c   0x00000008   Data   RO         1251    .constdata          stm32f4xx_hal_dma.o
    0x08025e54   0x08025e54   0x00000018   Data   RO         1619    .constdata          system_stm32f4xx.o
    0x08025e6c   0x08025e6c   0x000002c0   Data   RO         1652    .constdata          net_config.o
    0x0802612c   0x0802612c   0x00000081   Data   RO         3359    .constdata          mc_w.l(ctype_o.o)
    0x080261ad   0x080261ad   0x00000003   PAD
    0x080261b0   0x080261b0   0x00000004   Data   RO         3360    .constdata          mc_w.l(ctype_o.o)
    0x080261b4   0x080261b4   0x0000005a   Data   RO          156    .conststring        http_server.o
    0x0802620e   0x0802620e   0x00000002   PAD
    0x08026210   0x08026210   0x000000da   Data   RO          231    .conststring        http_server_cgi.o
    0x080262ea   0x080262ea   0x00000002   PAD
    0x080262ec   0x080262ec   0x000000f1   Data   RO         1653    .conststring        net_config.o
    0x080263dd   0x080263dd   0x00000003   PAD
    0x080263e0   0x080263e0   0x0000000b   Data   RO          612    .conststrlit        rtx_kernel.o
    0x080263eb   0x080263eb   0x00000001   PAD
    0x080263ec   0x080263ec   0x000000a8   Data   RO          667    .rodata             rtx_lib.o
    0x08026494   0x08026494   0x00000018   Data   RO         2422    .rodata.DMonth      Net_Dbg_CM3_L.lib(net_http_server.o)
    0x080264ac   0x080264ac   0x00000004   Data   RO         1905    .rodata.IP_AllHosts  Net_Dbg_CM3_L.lib(net_igmp.o)
    0x080264b0   0x080264b0   0x00000040   Data   RO         2427    .rodata.Method      Net_Dbg_CM3_L.lib(net_http_server.o)
    0x080264f0   0x080264f0   0x00000030   Data   RO         2426    .rodata.Month       Net_Dbg_CM3_L.lib(net_http_server.o)
    0x08026520   0x08026520   0x0000001c   Data   RO         2425    .rodata.WkDay       Net_Dbg_CM3_L.lib(net_http_server.o)
    0x0802653c   0x0802653c   0x00000010   Data   RO         2951    .rodata.cst16       Net_Dbg_CM3_L.lib(net_common.o)
    0x0802654c   0x0802654c   0x00000090   Data   RO         2428    .rodata.http_set_ftype.ftype  Net_Dbg_CM3_L.lib(net_http_server.o)
    0x080265dc   0x080265dc   0x00000004   Data   RO         2789    .rodata.net_addr4_loopback  Net_Dbg_CM3_L.lib(net_ip4.o)
    0x080265e0   0x080265e0   0x00000010   Data   RO         2827    .rodata.net_addr6_all_nodes  Net_Dbg_CM3_L.lib(net_ip6.o)
    0x080265f0   0x080265f0   0x00000010   Data   RO         2829    .rodata.net_addr6_loopback  Net_Dbg_CM3_L.lib(net_ip6.o)
    0x08026600   0x08026600   0x00000006   Data   RO         2661    .rodata.net_addr_bcast  Net_Dbg_CM3_L.lib(net_addr.o)
    0x08026606   0x08026606   0x00000010   Data   RO         2660    .rodata.net_addr_unspec  Net_Dbg_CM3_L.lib(net_addr.o)
    0x08026616   0x08026616   0x00000050   Data   RO         2982    .rodata.net_base64_decode.dec_map  Net_Dbg_CM3_L.lib(net_base64.o)
    0x08026666   0x08026666   0x00000002   PAD
    0x08026668   0x08026668   0x00000018   Data   RO         2468    .rodata.net_http_auth_basic_func  Net_Dbg_CM3_L.lib(net_http_server_auth.o)
    0x08026680   0x08026680   0x00000018   Data   RO         2862    .rodata.net_http_error  Net_Dbg_CM3_L.lib(net_http_server_err.o)
    0x08026698   0x08026698   0x00000004   Data   RO         2991    .rodata.net_lib_version  Net_Dbg_CM3_L.lib(net_version.o)
    0x0802669c   0x0802669c   0x0000002c   Data   RO         1929    .rodata.net_loop_if_config  Net_Dbg_CM3_L.lib(net_loopback.o)
    0x080266c8   0x080266c8   0x00000012   Data   RO         2528    .rodata.net_ping_payload  Net_Dbg_CM3_L.lib(net_ping_core.o)
    0x080266da   0x080266da   0x000001a7   Data   RO         2423    .rodata.str1.1      Net_Dbg_CM3_L.lib(net_http_server.o)
    0x08026881   0x08026881   0x000001f8   Data   RO         2861    .rodata.str1.1      Net_Dbg_CM3_L.lib(net_http_server_err.o)
    0x08026a79   0x08026a79   0x00000001   PAD
    0x08026a7a   0x08026a7a   0x00000006   Data   RO         2424    .rodata.utc_to_http.DYear  Net_Dbg_CM3_L.lib(net_http_server.o)
    0x08026a80   0x08026a80   0x00000030   Data   RO         3394    Region$$Table       anon$$obj.o


    Execution Region RW_IRAM2 (Exec base: 0x10000000, Load base: 0x08026bec, Size: 0x000004a4, Max: 0x00010000, ABSOLUTE)

    Exec Addr    Load Addr    Size         Type   Attr      Idx    E Section Name        Object

    0x10000000        -       0x000004a4   Zero   RW         1110    .bss.noinit         eventrecorder.o


    Execution Region RW_IRAM1 (Exec base: 0x20000000, Load base: 0x08026ab0, Size: 0x0000fb90, Max: 0x00030000, ABSOLUTE, COMPRESSED[0x0000013c])

    Exec Addr    Load Addr    Size         Type   Attr      Idx    E Section Name        Object

    0x20000000   COMPRESSED   0x00008040   Data   RW          660    .bss.os             rtx_lib.o
    0x20008040   COMPRESSED   0x00000001   Data   RW          959    .bss.os             os_systick.o
    0x20008041   COMPRESSED   0x00000003   PAD
    0x20008044   COMPRESSED   0x00000034   Data   RW          661    .bss.os.msgqueue.cb  rtx_lib.o
    0x20008078   COMPRESSED   0x00000050   Data   RW          662    .bss.os.msgqueue.mem  rtx_lib.o
    0x200080c8   COMPRESSED   0x00000038   Data   RW         1648    .bss.os.mutex.cb    net_config.o
    0x20008100   COMPRESSED   0x00000010   Data   RW         1649    .bss.os.semaphore.cb  net_config.o
    0x20008110   COMPRESSED   0x00000088   Data   RW          663    .bss.os.thread.cb   rtx_lib.o
    0x20008198   COMPRESSED   0x00000088   Data   RW         1650    .bss.os.thread.cb   net_config.o
    0x20008220   COMPRESSED   0x00000200   Data   RW          664    .bss.os.thread.idle.stack  rtx_lib.o
    0x20008420   COMPRESSED   0x00000200   Data   RW          665    .bss.os.thread.timer.stack  rtx_lib.o
    0x20008620   COMPRESSED   0x00000020   Data   RW         1651    .bss.os.timer.cb    net_config.o
    0x20008640   COMPRESSED   0x00000004   Data   RW            5    .data               main.o
    0x20008644   COMPRESSED   0x00000020   Data   RW          157    .data               http_server.o
    0x20008664   COMPRESSED   0x00000008   Data   RW          232    .data               http_server_cgi.o
    0x2000866c   COMPRESSED   0x00000008   Data   RW          288    .data               stm32f4xx_it.o
    0x20008674   COMPRESSED   0x00000010   Data   RW          321    .data               lcd_1.o
    0x20008684   COMPRESSED   0x00000002   Data   RW          391    .data               rtc_1.o
    0x20008686   COMPRESSED   0x00000001   Data   RW         1112    .data               eventrecorder.o
    0x20008687   COMPRESSED   0x00000001   PAD
    0x20008688   COMPRESSED   0x00000009   Data   RW         1145    .data               stm32f4xx_hal.o
    0x20008691   COMPRESSED   0x00000003   PAD
    0x20008694   COMPRESSED   0x00000004   Data   RW         1620    .data               system_stm32f4xx.o
    0x20008698   COMPRESSED   0x0000000e   Data   RW         1654    .data               net_config.o
    0x200086a6   COMPRESSED   0x00000002   PAD
    0x200086a8   COMPRESSED   0x00000004   Data   RW         3326    .data               mc_w.l(errno.o)
    0x200086ac   COMPRESSED   0x000000a4   Data   RW          613    .data.os            rtx_kernel.o
    0x20008750        -       0x00000888   Zero   RW          154    .bss                http_server.o
    0x20008fd8        -       0x00000038   Zero   RW          230    .bss                http_server_cgi.o
    0x20009010        -       0x000002ba   Zero   RW          319    .bss                lcd_1.o
    0x200092ca   COMPRESSED   0x00000002   PAD
    0x200092cc        -       0x00000020   Zero   RW          389    .bss                rtc_1.o
    0x200092ec        -       0x0000000c   Zero   RW         1006    .bss                phy_lan8742a.o
    0x200092f8        -       0x000024cc   Zero   RW         1033    .bss                emac_stm32f4xx.o
    0x2000b7c4        -       0x0000002c   Zero   RW         1074    .bss                spi_stm32f4xx.o
    0x2000b7f0        -       0x00003d1c   Zero   RW         1647    .bss                net_config.o
    0x2000f50c        -       0x00000055   Zero   RW         2429    .bss..L_MergedGlobals  Net_Dbg_CM3_L.lib(net_http_server.o)
    0x2000f561   COMPRESSED   0x00000003   PAD
    0x2000f564        -       0x00000038   Zero   RW         2581    .bss..L_MergedGlobals  Net_Dbg_CM3_L.lib(net_sys.o)
    0x2000f59c        -       0x00000038   Zero   RW         2284    .bss.dns_control    Net_Dbg_CM3_L.lib(net_dns_client.o)
    0x2000f5d4   COMPRESSED   0x00000004   PAD
    0x2000f5d8        -       0x00000008   Zero   RW         2790    .bss.ip4_control    Net_Dbg_CM3_L.lib(net_ip4.o)
    0x2000f5e0        -       0x00000004   Zero   RW         2830    .bss.ip6_control    Net_Dbg_CM3_L.lib(net_ip6.o)
    0x2000f5e4        -       0x00000004   Zero   RW         1930    .bss.loop_control   Net_Dbg_CM3_L.lib(net_loopback.o)
    0x2000f5e8        -       0x00000014   Zero   RW         2886    .bss.mem_control    Net_Dbg_CM3_L.lib(net_mem.o)
    0x2000f5fc        -       0x0000001c   Zero   RW         2245    .bss.nbns_control   Net_Dbg_CM3_L.lib(net_nbns_client.o)
    0x2000f618        -       0x00000010   Zero   RW         2666    .bss.net_addr6_get_solicited.buf  Net_Dbg_CM3_L.lib(net_addr.o)
    0x2000f628        -       0x00000024   Zero   RW         2580    .bss.net_dbg_buf    Net_Dbg_CM3_L.lib(net_sys.o)
    0x2000f64c        -       0x00000018   Zero   RW         1870    .bss.net_eth0_arp_control  Net_Dbg_CM3_L.lib(net_arp.o)
    0x2000f664        -       0x00000001   Zero   RW         1972    .bss.net_eth0_icmp_control  Net_Dbg_CM3_L.lib(net_icmp.o)
    0x2000f665   COMPRESSED   0x00000003   PAD
    0x2000f668        -       0x000000a0   Zero   RW         1798    .bss.net_eth0_if_control  Net_Dbg_CM3_L.lib(net_eth.o)
    0x2000f708        -       0x00000004   Zero   RW         1906    .bss.net_eth0_igmp_control  Net_Dbg_CM3_L.lib(net_igmp.o)
    0x2000f70c        -       0x00000004   Zero   RW         1955    .bss.net_ip4_frag_get.dfrag  Net_Dbg_CM3_L.lib(net_ip4_frag.o)
    0x2000f710        -       0x0000002c   Zero   RW         2529    .bss.net_ping_control  Net_Dbg_CM3_L.lib(net_ping_core.o)
    0x2000f73c        -       0x0000002c   Zero   RW         2505    .bss.net_sntp_control  Net_Dbg_CM3_L.lib(net_sntp_client_core.o)
    0x2000f768        -       0x00000001   Zero   RW         2209    .bss.net_tcp_socket_run.socket  Net_Dbg_CM3_L.lib(net_tcp.o)
    0x2000f769   COMPRESSED   0x00000003   PAD
    0x2000f76c        -       0x0000001c   Zero   RW         2044    .bss.net_udp_process.addr  Net_Dbg_CM3_L.lib(net_udp.o)
    0x2000f788        -       0x00000002   Zero   RW         2045    .bss.udp_alloc_port.port  Net_Dbg_CM3_L.lib(net_udp.o)
    0x2000f78a   COMPRESSED   0x00000006   PAD
    0x2000f790        -       0x00000400   Zero   RW         1608    STACK               startup_stm32f429xx.o


==============================================================================

Image component sizes


      Code (inc. data)   RO Data    RW Data    ZI Data      Debug   Object Name

       348         26          0          0          0       1920   adc.o
      3340        204        148          0       9420      47146   emac_stm32f4xx.o
      1692         44         24          1       1188      17128   eventrecorder.o
       596         70        126         32       2184      18429   http_server.o
      2524        468        218          8         56       9799   http_server_cgi.o
       148          8          1          0          0        652   irq_armv7m.o
      1420         80       2400         16        698       6623   lcd_1.o
       292         10         24          0          0       2845   led_nucleo_f429zi.o
       312         28          0          4          0     798819   main.o
       360         26        945        254      15644      33731   net_config.o
       296          0          0          0          0        826   net_debug.o
       220         14          0          1          0       1956   os_systick.o
       548          8         36          0         12       6858   phy_lan8742a.o
      1072         72         48          2         32       5199   rtc_1.o
        36          6          0          0          0        675   rtx_config.o
       284         12          0          0          0      17934   rtx_delay.o
      3544        106          0          0          0      52817   rtx_evr.o
      2224        100         11        164          0      27496   rtx_kernel.o
        24          0        272      34124          0       9899   rtx_lib.o
       478          0          0          0          0       3015   rtx_memory.o
      2284         46          0          0          0      15224   rtx_mempool.o
      3280         60          0          0          0      23588   rtx_msgqueue.o
      1604         30          0          0          0       9930   rtx_mutex.o
      1658         34          0          0          0      12048   rtx_semaphore.o
       772         20          0          0          0       8377   rtx_system.o
      5812        150          0          0          0      32121   rtx_thread.o
      1336         36          0          0          0      10189   rtx_timer.o
      4116        112        128          0         44      43807   spi_stm32f4xx.o
        36          8        428          0       1024        840   startup_stm32f429xx.o
       528         46          0          9          0      11427   stm32f4xx_hal.o
      3240        100          0          0          0       8667   stm32f4xx_hal_adc.o
      2196         52          0          0          0       6570   stm32f4xx_hal_adc_ex.o
       900         20          0          0          0      36114   stm32f4xx_hal_cortex.o
      2224         28          8          0          0       7137   stm32f4xx_hal_dma.o
       996         52          0          0          0       3707   stm32f4xx_hal_gpio.o
       476         22          0          0          0       3599   stm32f4xx_hal_pwr.o
      2356         70          0          0          0       5443   stm32f4xx_hal_rcc.o
      1844         66          0          0          0       4129   stm32f4xx_hal_rcc_ex.o
      2936         26          0          0          0       8277   stm32f4xx_hal_rtc.o
      3558         22          0          0          0      12977   stm32f4xx_hal_rtc_ex.o
     11122        182          0          0          0      34996   stm32f4xx_hal_tim.o
      3716         68          0          0          0      13280   stm32f4xx_hal_tim_ex.o
       288         34          0          8          0       2949   stm32f4xx_it.o
       204         24         24          4          0       1709   system_stm32f4xx.o
       136          8      28996          0          0       1696   web.o

    ----------------------------------------------------------------------
     77384       2598      33896      34636      30304    1382568   Object Totals
         0          0         48          0          0          0   (incl. Generated)
         8          0         11          9          2          0   (incl. Padding)

    ----------------------------------------------------------------------

      Code (inc. data)   RO Data    RW Data    ZI Data      Debug   Library Member Name

      1438         24         22          0         16        724   net_addr.o
      2910        138          0          0         24        860   net_arp.o
       116          4         80          0          0         84   net_base64.o
       814          8         16          0          0        656   net_common.o
      1544         88          0          0         56        424   net_dns_client.o
      3934        152          0          0        160        684   net_eth.o
      7242        920        737          0         85       1484   net_http_server.o
       262         68         24          0          0        368   net_http_server_auth.o
         0          0        528          0          0          0   net_http_server_err.o
       640         44          0          0          1        132   net_icmp.o
       808         54          0          0          0        160   net_icmp6.o
      1062         48          4          0          4        360   net_igmp.o
      1252         96          4          0          8        372   net_ip4.o
       752         36          0          0          4        220   net_ip4_frag.o
      1044         80         32          0          4        348   net_ip6.o
       374         40         44          0          4        136   net_loopback.o
       580         56          0          0         20        212   net_mem.o
       746         64          0          0         28        380   net_nbns_client.o
      3234         76          0          0          0        936   net_ndp.o
       228         36         18          0         44        188   net_ping_core.o
       920         80          0          0         44        336   net_sntp_client_core.o
       812         84          0          0         92        464   net_sys.o
      7202        234          0          0          1       1748   net_tcp.o
      1518         84          0          0         30        712   net_udp.o
         0          0          4          0          0          0   net_version.o
        56          8          0          0          0         84   __0sscanf.o
        86          0          0          0          0          0   __dczerorl2.o
        28          0          0          0          0         68   _chval.o
       816          6          0          0          0        112   _scanf.o
       332          0          0          0          0         96   _scanf_int.o
        64          0          0          0          0         84   _sgetc.o
       158          0          0          0          0         92   _strtoul.o
        26          0          0          0          0         80   atoi.o
         8          4        133          0          0         68   ctype_o.o
         0          0          0          0          0          0   entry.o
         0          0          0          0          0          0   entry10a.o
         0          0          0          0          0          0   entry11a.o
         4          0          0          0          0          0   entry12b.o
         8          4          0          0          0          0   entry2.o
         4          0          0          0          0          0   entry5.o
         0          0          0          0          0          0   entry7b.o
         0          0          0          0          0          0   entry8b.o
         8          4          0          0          0          0   entry9a.o
         8          4          0          4          0         68   errno.o
        30          0          0          0          0          0   handlers.o
        36          8          0          0          0         68   init.o
        18          0          0          0          0         76   isspace_o.o
         0          0          0          0          0          0   iusefp.o
        30          0          0          0          0         68   llshl.o
        36          0          0          0          0         68   llsshr.o
        32          0          0          0          0         68   llushr.o
        26          0          0          0          0         80   memcmp.o
        36          0          0          0          0         68   memcpya.o
        36          0          0          0          0        108   memseta.o
      2236         86          0          0          0        532   printfa.o
        40          8          0          0          0         84   scanf_char.o
        28          0          0          0          0         76   strcmp.o
        18          0          0          0          0         68   strcpy.o
        14          0          0          0          0         68   strlen.o
        30          0          0          0          0         80   strncmp.o
        24          0          0          0          0         76   strncpy.o
       112          0          0          0          0         88   strtol.o
        44          0          0          0          0         80   uidiv.o
        98          0          0          0          0         92   uldiv.o
        48          0          0          0          0         68   cdrcmple.o
       334          0          0          0          0        148   dadd.o
       222          0          0          0          0        100   ddiv.o
       186          0          0          0          0        176   depilogue.o
        48          0          0          0          0         68   dfixul.o
       228          0          0          0          0         96   dmul.o
        38          0          0          0          0         68   f2d.o
       124          0          0          0          0         88   fdiv.o
       110          0          0          0          0        168   fepilogue.o
        10          0          0          0          0         68   ffltui.o
       100          0          0          0          0         76   fmul.o

    ----------------------------------------------------------------------
     45452       2646       1652          4        644      15712   Library Totals
        42          0          6          0         19          0   (incl. Padding)

    ----------------------------------------------------------------------

      Code (inc. data)   RO Data    RW Data    ZI Data      Debug   Library Name

     39432       2514       1513          0        625      11988   Net_Dbg_CM3_L.lib
      4530        132        133          4          0       2600   mc_w.l
      1448          0          0          0          0       1124   mf_w.l

    ----------------------------------------------------------------------
     45452       2646       1652          4        644      15712   Library Totals

    ----------------------------------------------------------------------

==============================================================================


      Code (inc. data)   RO Data    RW Data    ZI Data      Debug   

    122836       5244      35548      34640      30948    1391884   Grand Totals
    122836       5244      35548        316      30948    1391884   ELF Image Totals (compressed)
    122836       5244      35548        316          0          0   ROM Totals

==============================================================================

    Total RO  Size (Code + RO Data)               158384 ( 154.67kB)
    Total RW  Size (RW Data + ZI Data)             65588 (  64.05kB)
    Total ROM Size (Code + RO Data + RW Data)     158700 ( 154.98kB)

==============================================================================

